Archive member included to satisfy reference by file (symbol)

C:/ST/STM32CubeIDE_2.1.1/STM32CubeIDE/plugins/com.st.stm32cube.ide.mcu.externaltools.gnu-tools-for-stm32.14.3.rel1.win32_1.0.100.202602081740/tools/bin/../lib/gcc/arm-none-eabi/14.3.1/../../../../arm-none-eabi/lib/thumb/v7e-m+fp/hard\libc_nano.a(libc_a-exit.o)
                              C:/ST/STM32CubeIDE_2.1.1/STM32CubeIDE/plugins/com.st.stm32cube.ide.mcu.externaltools.gnu-tools-for-stm32.14.3.rel1.win32_1.0.100.202602081740/tools/bin/../lib/gcc/arm-none-eabi/14.3.1/../../../../arm-none-eabi/lib/thumb/v7e-m+fp/hard/crt0.o (exit)
C:/ST/STM32CubeIDE_2.1.1/STM32CubeIDE/plugins/com.st.stm32cube.ide.mcu.externaltools.gnu-tools-for-stm32.14.3.rel1.win32_1.0.100.202602081740/tools/bin/../lib/gcc/arm-none-eabi/14.3.1/../../../../arm-none-eabi/lib/thumb/v7e-m+fp/hard\libc_nano.a(libc_a-findfp.o)
                              C:/ST/STM32CubeIDE_2.1.1/STM32CubeIDE/plugins/com.st.stm32cube.ide.mcu.externaltools.gnu-tools-for-stm32.14.3.rel1.win32_1.0.100.202602081740/tools/bin/../lib/gcc/arm-none-eabi/14.3.1/../../../../arm-none-eabi/lib/thumb/v7e-m+fp/hard\libc_nano.a(libc_a-exit.o) (__stdio_exit_handler)
C:/ST/STM32CubeIDE_2.1.1/STM32CubeIDE/plugins/com.st.stm32cube.ide.mcu.externaltools.gnu-tools-for-stm32.14.3.rel1.win32_1.0.100.202602081740/tools/bin/../lib/gcc/arm-none-eabi/14.3.1/../../../../arm-none-eabi/lib/thumb/v7e-m+fp/hard\libc_nano.a(libc_a-fwalk.o)
                              C:/ST/STM32CubeIDE_2.1.1/STM32CubeIDE/plugins/com.st.stm32cube.ide.mcu.externaltools.gnu-tools-for-stm32.14.3.rel1.win32_1.0.100.202602081740/tools/bin/../lib/gcc/arm-none-eabi/14.3.1/../../../../arm-none-eabi/lib/thumb/v7e-m+fp/hard\libc_nano.a(libc_a-findfp.o) (_fwalk_sglue)
C:/ST/STM32CubeIDE_2.1.1/STM32CubeIDE/plugins/com.st.stm32cube.ide.mcu.externaltools.gnu-tools-for-stm32.14.3.rel1.win32_1.0.100.202602081740/tools/bin/../lib/gcc/arm-none-eabi/14.3.1/../../../../arm-none-eabi/lib/thumb/v7e-m+fp/hard\libc_nano.a(libc_a-stdio.o)
                              C:/ST/STM32CubeIDE_2.1.1/STM32CubeIDE/plugins/com.st.stm32cube.ide.mcu.externaltools.gnu-tools-for-stm32.14.3.rel1.win32_1.0.100.202602081740/tools/bin/../lib/gcc/arm-none-eabi/14.3.1/../../../../arm-none-eabi/lib/thumb/v7e-m+fp/hard\libc_nano.a(libc_a-findfp.o) (__sread)
C:/ST/STM32CubeIDE_2.1.1/STM32CubeIDE/plugins/com.st.stm32cube.ide.mcu.externaltools.gnu-tools-for-stm32.14.3.rel1.win32_1.0.100.202602081740/tools/bin/../lib/gcc/arm-none-eabi/14.3.1/../../../../arm-none-eabi/lib/thumb/v7e-m+fp/hard\libc_nano.a(libc_a-memset.o)
                              C:/ST/STM32CubeIDE_2.1.1/STM32CubeIDE/plugins/com.st.stm32cube.ide.mcu.externaltools.gnu-tools-for-stm32.14.3.rel1.win32_1.0.100.202602081740/tools/bin/../lib/gcc/arm-none-eabi/14.3.1/../../../../arm-none-eabi/lib/thumb/v7e-m+fp/hard/crt0.o (memset)
C:/ST/STM32CubeIDE_2.1.1/STM32CubeIDE/plugins/com.st.stm32cube.ide.mcu.externaltools.gnu-tools-for-stm32.14.3.rel1.win32_1.0.100.202602081740/tools/bin/../lib/gcc/arm-none-eabi/14.3.1/../../../../arm-none-eabi/lib/thumb/v7e-m+fp/hard\libc_nano.a(libc_a-closer.o)
                              C:/ST/STM32CubeIDE_2.1.1/STM32CubeIDE/plugins/com.st.stm32cube.ide.mcu.externaltools.gnu-tools-for-stm32.14.3.rel1.win32_1.0.100.202602081740/tools/bin/../lib/gcc/arm-none-eabi/14.3.1/../../../../arm-none-eabi/lib/thumb/v7e-m+fp/hard\libc_nano.a(libc_a-stdio.o) (_close_r)
C:/ST/STM32CubeIDE_2.1.1/STM32CubeIDE/plugins/com.st.stm32cube.ide.mcu.externaltools.gnu-tools-for-stm32.14.3.rel1.win32_1.0.100.202602081740/tools/bin/../lib/gcc/arm-none-eabi/14.3.1/../../../../arm-none-eabi/lib/thumb/v7e-m+fp/hard\libc_nano.a(libc_a-reent.o)
                              C:/ST/STM32CubeIDE_2.1.1/STM32CubeIDE/plugins/com.st.stm32cube.ide.mcu.externaltools.gnu-tools-for-stm32.14.3.rel1.win32_1.0.100.202602081740/tools/bin/../lib/gcc/arm-none-eabi/14.3.1/../../../../arm-none-eabi/lib/thumb/v7e-m+fp/hard\libc_nano.a(libc_a-closer.o) (errno)
C:/ST/STM32CubeIDE_2.1.1/STM32CubeIDE/plugins/com.st.stm32cube.ide.mcu.externaltools.gnu-tools-for-stm32.14.3.rel1.win32_1.0.100.202602081740/tools/bin/../lib/gcc/arm-none-eabi/14.3.1/../../../../arm-none-eabi/lib/thumb/v7e-m+fp/hard\libc_nano.a(libc_a-impure.o)
                              C:/ST/STM32CubeIDE_2.1.1/STM32CubeIDE/plugins/com.st.stm32cube.ide.mcu.externaltools.gnu-tools-for-stm32.14.3.rel1.win32_1.0.100.202602081740/tools/bin/../lib/gcc/arm-none-eabi/14.3.1/../../../../arm-none-eabi/lib/thumb/v7e-m+fp/hard\libc_nano.a(libc_a-reent.o) (_impure_ptr)
C:/ST/STM32CubeIDE_2.1.1/STM32CubeIDE/plugins/com.st.stm32cube.ide.mcu.externaltools.gnu-tools-for-stm32.14.3.rel1.win32_1.0.100.202602081740/tools/bin/../lib/gcc/arm-none-eabi/14.3.1/../../../../arm-none-eabi/lib/thumb/v7e-m+fp/hard\libc_nano.a(libc_a-lseekr.o)
[...]
Memory Configuration

Name             Origin             Length             Attributes
RAM              0x20000000         0x00020000         xrw
FLASH            0x08000000         0x00080000         xr
*default*        0x00000000         0xffffffff

Linker script and memory map

LOAD C:/ST/STM32CubeIDE_2.1.1/STM32CubeIDE/plugins/com.st.stm32cube.ide.mcu.externaltools.gnu-tools-for-stm32.14.3.rel1.win32_1.0.100.202602081740/tools/bin/../lib/gcc/arm-none-eabi/14.3.1/thumb/v7e-m+fp/hard/crti.o
LOAD C:/ST/STM32CubeIDE_2.1.1/STM32CubeIDE/plugins/com.st.stm32cube.ide.mcu.externaltools.gnu-tools-for-stm32.14.3.rel1.win32_1.0.100.202602081740/tools/bin/../lib/gcc/arm-none-eabi/14.3.1/thumb/v7e-m+fp/hard/crtbegin.o
LOAD C:/ST/STM32CubeIDE_2.1.1/STM32CubeIDE/plugins/com.st.stm32cube.ide.mcu.externaltools.gnu-tools-for-stm32.14.3.rel1.win32_1.0.100.202602081740/tools/bin/../lib/gcc/arm-none-eabi/14.3.1/../../../../arm-none-eabi/lib/thumb/v7e-m+fp/hard/crt0.o
LOAD ./Core/Src/adc.o
LOAD ./Core/Src/curtis_io.o
LOAD ./Core/Src/dma.o
LOAD ./Core/Src/fdcan.o
LOAD ./Core/Src/flash_store.o
LOAD ./Core/Src/gpio.o
LOAD ./Core/Src/i2c.o
LOAD ./Core/Src/main.o
LOAD ./Core/Src/stm32g4xx_hal_msp.o
LOAD ./Core/Src/stm32g4xx_it.o
LOAD ./Core/Src/syscalls.o
LOAD ./Core/Src/sysmem.o
LOAD ./Core/Src/system_stm32g4xx.o
LOAD ./Core/Src/tim.o
LOAD ./Core/Src/usart.o
LOAD ./Core/Startup/startup_stm32g474retx.o
LOAD ./Drivers/STM32G4xx_HAL_Driver/Src/stm32g4xx_hal.o
LOAD ./Drivers/STM32G4xx_HAL_Driver/Src/stm32g4xx_hal_adc.o
LOAD ./Drivers/STM32G4xx_HAL_Driver/Src/stm32g4xx_hal_adc_ex.o
LOAD ./Drivers/STM32G4xx_HAL_Driver/Src/stm32g4xx_hal_cortex.o
LOAD ./Drivers/STM32G4xx_HAL_Driver/Src/stm32g4xx_hal_dma.o
LOAD ./Drivers/STM32G4xx_HAL_Driver/Src/stm32g4xx_hal_dma_ex.o
LOAD ./Drivers/STM32G4xx_HAL_Driver/Src/stm32g4xx_hal_exti.o
LOAD ./Drivers/STM32G4xx_HAL_Driver/Src/stm32g4xx_hal_fdcan.o
LOAD ./Drivers/STM32G4xx_HAL_Driver/Src/stm32g4xx_hal_flash.o
LOAD ./Drivers/STM32G4xx_HAL_Driver/Src/stm32g4xx_hal_flash_ex.o
LOAD ./Drivers/STM32G4xx_HAL_Driver/Src/stm32g4xx_hal_flash_ramfunc.o
LOAD ./Drivers/STM32G4xx_HAL_Driver/Src/stm32g4xx_hal_gpio.o
LOAD ./Drivers/STM32G4xx_HAL_Driver/Src/stm32g4xx_hal_i2c.o
LOAD ./Drivers/STM32G4xx_HAL_Driver/Src/stm32g4xx_hal_i2c_ex.o
LOAD ./Drivers/STM32G4xx_HAL_Driver/Src/stm32g4xx_hal_pwr.o
LOAD ./Drivers/STM32G4xx_HAL_Driver/Src/stm32g4xx_hal_pwr_ex.o
LOAD ./Drivers/STM32G4xx_HAL_Driver/Src/stm32g4xx_hal_rcc.o
LOAD ./Drivers/STM32G4xx_HAL_Driver/Src/stm32g4xx_hal_rcc_ex.o
LOAD ./Drivers/STM32G4xx_HAL_Driver/Src/stm32g4xx_hal_tim.o
LOAD ./Drivers/STM32G4xx_HAL_Driver/Src/stm32g4xx_hal_tim_ex.o
LOAD ./Drivers/STM32G4xx_HAL_Driver/Src/stm32g4xx_hal_uart.o
LOAD ./Drivers/STM32G4xx_HAL_Driver/Src/stm32g4xx_hal_uart_ex.o
LOAD ./Drivers/STM32G4xx_HAL_Driver/Src/stm32g4xx_ll_adc.o
START GROUP
LOAD C:/ST/STM32CubeIDE_2.1.1/STM32CubeIDE/plugins/com.st.stm32cube.ide.mcu.externaltools.gnu-tools-for-stm32.14.3.rel1.win32_1.0.100.202602081740/tools/bin/../lib/gcc/arm-none-eabi/14.3.1/../../../../arm-none-eabi/lib/thumb/v7e-m+fp/hard\libc_nano.a
LOAD C:/ST/STM32CubeIDE_2.1.1/STM32CubeIDE/plugins/com.st.stm32cube.ide.mcu.externaltools.gnu-tools-for-stm32.14.3.rel1.win32_1.0.100.202602081740/tools/bin/../lib/gcc/arm-none-eabi/14.3.1/../../../../arm-none-eabi/lib/thumb/v7e-m+fp/hard\libm.a
END GROUP
START GROUP
LOAD C:/ST/STM32CubeIDE_2.1.1/STM32CubeIDE/plugins/com.st.stm32cube.ide.mcu.externaltools.gnu-tools-for-stm32.14.3.rel1.win32_1.0.100.202602081740/tools/bin/../lib/gcc/arm-none-eabi/14.3.1/thumb/v7e-m+fp/hard\libgcc.a
LOAD C:/ST/STM32CubeIDE_2.1.1/STM32CubeIDE/plugins/com.st.stm32cube.ide.mcu.externaltools.gnu-tools-for-stm32.14.3.rel1.win32_1.0.100.202602081740/tools/bin/../lib/gcc/arm-none-eabi/14.3.1/../../../../arm-none-eabi/lib/thumb/v7e-m+fp/hard\libc_nano.a
END GROUP
START GROUP
LOAD C:/ST/STM32CubeIDE_2.1.1/STM32CubeIDE/plugins/com.st.stm32cube.ide.mcu.externaltools.gnu-tools-for-stm32.14.3.rel1.win32_1.0.100.202602081740/tools/bin/../lib/gcc/arm-none-eabi/14.3.1/thumb/v7e-m+fp/hard\libgcc.a
LOAD C:/ST/STM32CubeIDE_2.1.1/STM32CubeIDE/plugins/com.st.stm32cube.ide.mcu.externaltools.gnu-tools-for-stm32.14.3.rel1.win32_1.0.100.202602081740/tools/bin/../lib/gcc/arm-none-eabi/14.3.1/../../../../arm-none-eabi/lib/thumb/v7e-m+fp/hard\libc_nano.a
LOAD C:/ST/STM32CubeIDE_2.1.1/STM32CubeIDE/plugins/com.st.stm32cube.ide.mcu.externaltools.gnu-tools-for-stm32.14.3.rel1.win32_1.0.100.202602081740/tools/bin/../lib/gcc/arm-none-eabi/14.3.1/../../../../arm-none-eabi/lib/thumb/v7e-m+fp/hard\libnosys.a
END GROUP
START GROUP
LOAD C:/ST/STM32CubeIDE_2.1.1/STM32CubeIDE/plugins/com.st.stm32cube.ide.mcu.externaltools.gnu-tools-for-stm32.14.3.rel1.win32_1.0.100.202602081740/tools/bin/../lib/gcc/arm-none-eabi/14.3.1/thumb/v7e-m+fp/hard\libgcc.a
LOAD C:/ST/STM32CubeIDE_2.1.1/STM32CubeIDE/plugins/com.st.stm32cube.ide.mcu.externaltools.gnu-tools-for-stm32.14.3.rel1.win32_1.0.100.202602081740/tools/bin/../lib/gcc/arm-none-eabi/14.3.1/../../../../arm-none-eabi/lib/thumb/v7e-m+fp/hard\libc_nano.a
LOAD C:/ST/STM32CubeIDE_2.1.1/STM32CubeIDE/plugins/com.st.stm32cube.ide.mcu.externaltools.gnu-tools-for-stm32.14.3.rel1.win32_1.0.100.202602081740/tools/bin/../lib/gcc/arm-none-eabi/14.3.1/../../../../arm-none-eabi/lib/thumb/v7e-m+fp/hard\libnosys.a
END GROUP
LOAD C:/ST/STM32CubeIDE_2.1.1/STM32CubeIDE/plugins/com.st.stm32cube.ide.mcu.externaltools.gnu-tools-for-stm32.14.3.rel1.win32_1.0.100.202602081740/tools/bin/../lib/gcc/arm-none-eabi/14.3.1/thumb/v7e-m+fp/hard/crtend.o
LOAD C:/ST/STM32CubeIDE_2.1.1/STM32CubeIDE/plugins/com.st.stm32cube.ide.mcu.externaltools.gnu-tools-for-stm32.14.3.rel1.win32_1.0.100.202602081740/tools/bin/../lib/gcc/arm-none-eabi/14.3.1/thumb/v7e-m+fp/hard/crtn.o
                0x20020000                        _estack = (ORIGIN (RAM) + LENGTH (RAM))
                0x00000200                        _Min_Heap_Size = 0x200
                0x00000400                        _Min_Stack_Size = 0x400

.isr_vector     0x08000000      0x1d8
                0x08000000                        . = ALIGN (0x4)
 *(.isr_vector)
 .isr_vector    0x08000000      0x1d8 ./Core/Startup/startup_stm32g474retx.o
                0x08000000                g_pfnVectors
                0x080001d8                        . = ALIGN (0x4)

.text           0x080001d8     0x9228
                0x080001d8                        . = ALIGN (0x4)
 *(.text)
 .text          0x080001d8       0x40 C:/ST/STM32CubeIDE_2.1.1/STM32CubeIDE/plugins/com.st.stm32cube.ide.mcu.externaltools.gnu-tools-for-stm32.14.3.rel1.win32_1.0.100.202602081740/tools/bin/../lib/gcc/arm-none-eabi/14.3.1/thumb/v7e-m+fp/hard/crtbegin.o
 *(.text*)
 .text.MX_ADC1_Init
                0x08000218      0x150 ./Core/Src/adc.o
                0x08000218                MX_ADC1_Init
 .text.HAL_ADC_MspInit
                0x08000368      0x104 ./Core/Src/adc.o
                0x08000368                HAL_ADC_MspInit
 .text.CurtisIO_Forward
                0x0800046c       0x20 ./Core/Src/curtis_io.o
                0x0800046c                CurtisIO_Forward
 .text.CurtisIO_Backward
                0x0800048c       0x20 ./Core/Src/curtis_io.o
                0x0800048c                CurtisIO_Backward
 .text.CurtisIO_Pedal
                0x080004ac       0x20 ./Core/Src/curtis_io.o
                0x080004ac                CurtisIO_Pedal
 .text.CurtisIO_ReadDigital
                0x080004cc       0x34 ./Core/Src/curtis_io.o
                0x080004cc                CurtisIO_ReadDigital
 .text.CurtisIO_McorVolts
                0x08000500       0x38 ./Core/Src/curtis_io.o
                0x08000500                CurtisIO_McorVolts
 .text.CurtisIO_SpeedOnCapture
                0x08000538       0x6c ./Core/Src/curtis_io.o
                0x08000538                CurtisIO_SpeedOnCapture
 .text.CurtisIO_SpeedHz
                0x080005a4       0x40 ./Core/Src/curtis_io.o
                0x080005a4                CurtisIO_SpeedHz
 .text.CurtisIO_SpeedMps
                0x080005e4       0x2c ./Core/Src/curtis_io.o
                0x080005e4                CurtisIO_SpeedMps
 .text.CurtisIO_OutputEnable
                0x08000610       0x2c ./Core/Src/curtis_io.o
                0x08000610                CurtisIO_OutputEnable
 .text.CurtisIO_SetForward
                0x0800063c       0x2c ./Core/Src/curtis_io.o
                0x0800063c                CurtisIO_SetForward
 .text.CurtisIO_SetBackward
                0x08000668       0x30 ./Core/Src/curtis_io.o
                0x08000668                CurtisIO_SetBackward
 .text.CurtisIO_SetPedal
                0x08000698       0x2c ./Core/Src/curtis_io.o
                0x08000698                CurtisIO_SetPedal
 .text.CurtisIO_WriteDigitalOut
                0x080006c4       0x32 ./Core/Src/curtis_io.o
                0x080006c4                CurtisIO_WriteDigitalOut
 *fill*         0x080006f6        0x2 
 .text.CurtisIO_McorWriteRaw
                0x080006f8       0x58 ./Core/Src/curtis_io.o
                0x080006f8                CurtisIO_McorWriteRaw
 .text.CurtisIO_McorWriteVolts
                0x08000750       0x74 ./Core/Src/curtis_io.o
                0x08000750                CurtisIO_McorWriteVolts
 .text.CurtisIO_OutputOverrideRun
                0x080007c4       0xdc ./Core/Src/curtis_io.o
                0x080007c4                CurtisIO_OutputOverrideRun
 .text.CurtisIO_SpeedControlRun
                0x080008a0      0x2d8 ./Core/Src/curtis_io.o
                0x080008a0                CurtisIO_SpeedControlRun
 .text.MX_DMA_Init
                0x08000b78       0x54 ./Core/Src/dma.o
                0x08000b78                MX_DMA_Init
 .text.MX_FDCAN1_Init
                0x08000bcc       0x8c ./Core/Src/fdcan.o
                0x08000bcc                MX_FDCAN1_Init
 .text.HAL_FDCAN_MspInit
                0x08000c58       0xc4 ./Core/Src/fdcan.o
                0x08000c58                HAL_FDCAN_MspInit
 .text.flash_pack_dw0
                0x08000d1c       0x40 ./Core/Src/flash_store.o
 .text.flash_pack_dw1
                0x08000d5c       0x34 ./Core/Src/flash_store.o
 .text.FlashStore_LoadAngles
                0x08000d90       0xdc ./Core/Src/flash_store.o
                0x08000d90                FlashStore_LoadAngles
 .text.FlashStore_SaveAngles
                0x08000e6c       0xdc ./Core/Src/flash_store.o
                0x08000e6c                FlashStore_SaveAngles
 .text.MX_GPIO_Init
                0x08000f48      0x198 ./Core/Src/gpio.o
                0x08000f48                MX_GPIO_Init
 .text.MX_I2C2_Init
                0x080010e0       0x80 ./Core/Src/i2c.o
                0x080010e0                MX_I2C2_Init
 .text.HAL_I2C_MspInit
                0x08001160       0xb0 ./Core/Src/i2c.o
                0x08001160                HAL_I2C_MspInit
 .text.deg_to_pulse
                0x08001210       0x6c ./Core/Src/main.o
 .text.mps_to_raw
                0x0800127c       0x98 ./Core/Src/main.o
 .text.raw_to_mps
                0x08001314       0x34 ./Core/Src/main.o
 .text.main     0x08001348      0x514 ./Core/Src/main.o
                0x08001348                main
 .text.SystemClock_Config
                0x0800185c       0x92 ./Core/Src/main.o
                0x0800185c                SystemClock_Config
 *fill*         0x080018ee        0x2 
 .text.CAN_App_Init
                0x080018f0      0x198 ./Core/Src/main.o
 .text.BrakeStatus_Send
                0x08001a88       0x7c ./Core/Src/main.o
 .text.ServoStatus_Send
                0x08001b04       0x40 ./Core/Src/main.o
 .text.SpeedStatus_Send
                0x08001b44       0x70 ./Core/Src/main.o
 .text.HAL_FDCAN_RxFifo0Callback
                0x08001bb4      0x16c ./Core/Src/main.o
                0x08001bb4                HAL_FDCAN_RxFifo0Callback
 .text.HAL_TIM_IC_CaptureCallback
                0x08001d20       0x32 ./Core/Src/main.o
                0x08001d20                HAL_TIM_IC_CaptureCallback
 *fill*         0x08001d52        0x2 
 .text.HAL_TIM_PeriodElapsedCallback
                0x08001d54      0x124 ./Core/Src/main.o
                0x08001d54                HAL_TIM_PeriodElapsedCallback
 .text.HAL_GPIO_EXTI_Callback
                0x08001e78       0x6c ./Core/Src/main.o
                0x08001e78                HAL_GPIO_EXTI_Callback
 .text.Error_Handler
                0x08001ee4        0xc ./Core/Src/main.o
                0x08001ee4                Error_Handler
 .text.HAL_MspInit
                0x08001ef0       0x48 ./Core/Src/stm32g4xx_hal_msp.o
                0x08001ef0                HAL_MspInit
 .text.NMI_Handler
                0x08001f38        0x8 ./Core/Src/stm32g4xx_it.o
                0x08001f38                NMI_Handler
 .text.HardFault_Handler
                0x08001f40        0x8 ./Core/Src/stm32g4xx_it.o
                0x08001f40                HardFault_Handler
 .text.MemManage_Handler
                0x08001f48        0x8 ./Core/Src/stm32g4xx_it.o
                0x08001f48                MemManage_Handler
 .text.BusFault_Handler
                0x08001f50        0x8 ./Core/Src/stm32g4xx_it.o
                0x08001f50                BusFault_Handler
 .text.UsageFault_Handler
                0x08001f58        0x8 ./Core/Src/stm32g4xx_it.o
                0x08001f58                UsageFault_Handler
 .text.SVC_Handler
                0x08001f60        0xe ./Core/Src/stm32g4xx_it.o
                0x08001f60                SVC_Handler
 .text.DebugMon_Handler
                0x08001f6e        0xe ./Core/Src/stm32g4xx_it.o
                0x08001f6e                DebugMon_Handler
 .text.PendSV_Handler
                0x08001f7c        0xe ./Core/Src/stm32g4xx_it.o
                0x08001f7c                PendSV_Handler
 .text.SysTick_Handler
                0x08001f8a        0xc ./Core/Src/stm32g4xx_it.o
                0x08001f8a                SysTick_Handler
 .text.EXTI2_IRQHandler
                0x08001f96        0xe ./Core/Src/stm32g4xx_it.o
                0x08001f96                EXTI2_IRQHandler
 .text.DMA1_Channel1_IRQHandler
                0x08001fa4       0x14 ./Core/Src/stm32g4xx_it.o
                0x08001fa4                DMA1_Channel1_IRQHandler
 .text.TIM6_DAC_IRQHandler
                0x08001fb8       0x14 ./Core/Src/stm32g4xx_it.o
                0x08001fb8                TIM6_DAC_IRQHandler
 .text.FDCAN1_IT0_IRQHandler
                0x08001fcc       0x14 ./Core/Src/stm32g4xx_it.o
                0x08001fcc                FDCAN1_IT0_IRQHandler
 .text.TIM2_IRQHandler
                0x08001fe0       0x14 ./Core/Src/stm32g4xx_it.o
                0x08001fe0                TIM2_IRQHandler
 .text.SystemInit
                0x08001ff4       0x24 ./Core/Src/system_stm32g4xx.o
                0x08001ff4                SystemInit
 .text.MX_TIM1_Init
                0x08002018      0x160 ./Core/Src/tim.o
                0x08002018                MX_TIM1_Init
 .text.MX_TIM2_Init
                0x08002178       0xa8 ./Core/Src/tim.o
                0x08002178                MX_TIM2_Init
 .text.MX_TIM6_Init
                0x08002220       0x6c ./Core/Src/tim.o
                0x08002220                MX_TIM6_Init
 .text.HAL_TIM_Base_MspInit
                0x0800228c       0x74 ./Core/Src/tim.o
                0x0800228c                HAL_TIM_Base_MspInit
 .text.HAL_TIM_IC_MspInit
                0x08002300       0x84 ./Core/Src/tim.o
                0x08002300                HAL_TIM_IC_MspInit
 .text.HAL_TIM_MspPostInit
                0x08002384       0x70 ./Core/Src/tim.o
                0x08002384                HAL_TIM_MspPostInit
 .text.Reset_Handler
                0x080023f4       0x50 ./Core/Startup/startup_stm32g474retx.o
                0x080023f4                Reset_Handler
 .text.Default_Handler
                0x08002444        0x2 ./Core/Startup/startup_stm32g474retx.o
                0x08002444                RTC_Alarm_IRQHandler
                0x08002444                TIM8_TRG_COM_IRQHandler
                0x08002444                TIM8_CC_IRQHandler
                0x08002444                HRTIM1_Master_IRQHandler
                0x08002444                SPI4_IRQHandler
                0x08002444                FDCAN3_IT0_IRQHandler
                0x08002444                TIM1_CC_IRQHandler
                0x08002444                HRTIM1_FLT_IRQHandler
                0x08002444                HRTIM1_TIMF_IRQHandler
                0x08002444                USB_HP_IRQHandler
                0x08002444                CORDIC_IRQHandler
                0x08002444                HRTIM1_TIMD_IRQHandler
                0x08002444                DMA2_Channel8_IRQHandler
                0x08002444                EXTI3_IRQHandler
                0x08002444                I2C3_ER_IRQHandler
                0x08002444                EXTI0_IRQHandler
                0x08002444                I2C2_EV_IRQHandler
                0x08002444                FPU_IRQHandler
                0x08002444                FDCAN1_IT1_IRQHandler
                0x08002444                TIM1_UP_TIM16_IRQHandler
                0x08002444                ADC1_2_IRQHandler
                0x08002444                HRTIM1_TIME_IRQHandler
                0x08002444                SPI1_IRQHandler
                0x08002444                HRTIM1_TIMC_IRQHandler
                0x08002444                TIM8_UP_IRQHandler
                0x08002444                DMA2_Channel2_IRQHandler
                0x08002444                DMA1_Channel4_IRQHandler
                0x08002444                TIM20_TRG_COM_IRQHandler
                0x08002444                USART3_IRQHandler
                0x08002444                DMA1_Channel7_IRQHandler
                0x08002444                UART5_IRQHandler
                0x08002444                ADC3_IRQHandler
                0x08002444                TIM4_IRQHandler
                0x08002444                DMA2_Channel1_IRQHandler
                0x08002444                QUADSPI_IRQHandler
                0x08002444                I2C1_EV_IRQHandler
                0x08002444                DMA1_Channel6_IRQHandler
                0x08002444                UART4_IRQHandler
                0x08002444                DMA2_Channel4_IRQHandler
                0x08002444                TIM3_IRQHandler
                0x08002444                RCC_IRQHandler
                0x08002444                TIM20_UP_IRQHandler
                0x08002444                Default_Handler
                0x08002444                DMA2_Channel7_IRQHandler
                0x08002444                RTC_TAMP_LSECSS_IRQHandler
                0x08002444                FMAC_IRQHandler
                0x08002444                EXTI15_10_IRQHandler
                0x08002444                DMA1_Channel8_IRQHandler
                0x08002444                HRTIM1_TIMA_IRQHandler
                0x08002444                TIM7_DAC_IRQHandler
                0x08002444                FDCAN3_IT1_IRQHandler
                0x08002444                TIM5_IRQHandler
                0x08002444                UCPD1_IRQHandler
                0x08002444                I2C3_EV_IRQHandler
                0x08002444                EXTI9_5_IRQHandler
                0x08002444                RTC_WKUP_IRQHandler
                0x08002444                PVD_PVM_IRQHandler
                0x08002444                SPI2_IRQHandler
                0x08002444                ADC5_IRQHandler
                0x08002444                DMA2_Channel5_IRQHandler
                0x08002444                CRS_IRQHandler
                0x08002444                DMA1_Channel5_IRQHandler
                0x08002444                USB_LP_IRQHandler
                0x08002444                EXTI4_IRQHandler
                0x08002444                RNG_IRQHandler
                0x08002444                HRTIM1_TIMB_IRQHandler
                0x08002444                TIM1_TRG_COM_TIM17_IRQHandler
                0x08002444                FDCAN2_IT1_IRQHandler
                0x08002444                DMA1_Channel3_IRQHandler
                0x08002444                ADC4_IRQHandler
                0x08002444                WWDG_IRQHandler
                0x08002444                I2C4_EV_IRQHandler
                0x08002444                FDCAN2_IT0_IRQHandler
                0x08002444                LPUART1_IRQHandler
                0x08002444                DMA2_Channel6_IRQHandler
                0x08002444                COMP7_IRQHandler
                0x08002444                COMP1_2_3_IRQHandler
                0x08002444                EXTI1_IRQHandler
                0x08002444                USART2_IRQHandler
                0x08002444                COMP4_5_6_IRQHandler
                0x08002444                TIM20_BRK_IRQHandler
                0x08002444                I2C2_ER_IRQHandler
                0x08002444                DMA1_Channel2_IRQHandler
                0x08002444                TIM8_BRK_IRQHandler
                0x08002444                FLASH_IRQHandler
                0x08002444                TIM20_CC_IRQHandler
                0x08002444                USART1_IRQHandler
                0x08002444                SPI3_IRQHandler
                0x08002444                I2C1_ER_IRQHandler
                0x08002444                FMC_IRQHandler
                0x08002444                LPTIM1_IRQHandler
                0x08002444                DMAMUX_OVR_IRQHandler
                0x08002444                I2C4_ER_IRQHandler
                0x08002444                USBWakeUp_IRQHandler
                0x08002444                SAI1_IRQHandler
                0x08002444                DMA2_Channel3_IRQHandler
                0x08002444                TIM1_BRK_TIM15_IRQHandler
 .text.HAL_Init
                0x08002446       0x30 ./Drivers/STM32G4xx_HAL_Driver/Src/stm32g4xx_hal.o
                0x08002446                HAL_Init
 *fill*         0x08002476        0x2 
 .text.HAL_InitTick
                0x08002478       0x74 ./Drivers/STM32G4xx_HAL_Driver/Src/stm32g4xx_hal.o
                0x08002478                HAL_InitTick
 .text.HAL_IncTick
                0x080024ec       0x24 ./Drivers/STM32G4xx_HAL_Driver/Src/stm32g4xx_hal.o
                0x080024ec                HAL_IncTick
 .text.HAL_GetTick
                0x08002510       0x18 ./Drivers/STM32G4xx_HAL_Driver/Src/stm32g4xx_hal.o
                0x08002510                HAL_GetTick
 .text.LL_ADC_SetCommonClock
                0x08002528       0x26 ./Drivers/STM32G4xx_HAL_Driver/Src/stm32g4xx_hal_adc.o
 .text.LL_ADC_SetCommonPathInternalCh
                0x0800254e       0x26 ./Drivers/STM32G4xx_HAL_Driver/Src/stm32g4xx_hal_adc.o
 .text.LL_ADC_GetCommonPathInternalCh
                0x08002574       0x1c ./Drivers/STM32G4xx_HAL_Driver/Src/stm32g4xx_hal_adc.o
 .text.LL_ADC_SetOffset
                0x08002590       0x48 ./Drivers/STM32G4xx_HAL_Driver/Src/stm32g4xx_hal_adc.o
 .text.LL_ADC_GetOffsetChannel
                0x080025d8       0x2c ./Drivers/STM32G4xx_HAL_Driver/Src/stm32g4xx_hal_adc.o
 .text.LL_ADC_SetOffsetState
                0x08002604       0x36 ./Drivers/STM32G4xx_HAL_Driver/Src/stm32g4xx_hal_adc.o
 .text.LL_ADC_SetOffsetSign
                0x0800263a       0x36 ./Drivers/STM32G4xx_HAL_Driver/Src/stm32g4xx_hal_adc.o
 .text.LL_ADC_SetOffsetSaturation
                0x08002670       0x36 ./Drivers/STM32G4xx_HAL_Driver/Src/stm32g4xx_hal_adc.o
 .text.LL_ADC_SetSamplingTimeCommonConfig
                0x080026a6       0x26 ./Drivers/STM32G4xx_HAL_Driver/Src/stm32g4xx_hal_adc.o
 .text.LL_ADC_REG_IsTriggerSourceSWStart
                0x080026cc       0x26 ./Drivers/STM32G4xx_HAL_Driver/Src/stm32g4xx_hal_adc.o
 .text.LL_ADC_REG_SetSequencerRanks
                0x080026f2       0x58 ./Drivers/STM32G4xx_HAL_Driver/Src/stm32g4xx_hal_adc.o
 .text.LL_ADC_SetChannelSamplingTime
                0x0800274a       0x56 ./Drivers/STM32G4xx_HAL_Driver/Src/stm32g4xx_hal_adc.o
 .text.LL_ADC_SetChannelSingleDiff
                0x080027a0       0x48 ./Drivers/STM32G4xx_HAL_Driver/Src/stm32g4xx_hal_adc.o
 .text.LL_ADC_GetMultimode
                0x080027e8       0x1c ./Drivers/STM32G4xx_HAL_Driver/Src/stm32g4xx_hal_adc.o
 .text.LL_ADC_DisableDeepPowerDown
                0x08002804       0x24 ./Drivers/STM32G4xx_HAL_Driver/Src/stm32g4xx_hal_adc.o
 .text.LL_ADC_IsDeepPowerDownEnabled
                0x08002828       0x28 ./Drivers/STM32G4xx_HAL_Driver/Src/stm32g4xx_hal_adc.o
 .text.LL_ADC_EnableInternalRegulator
                0x08002850       0x28 ./Drivers/STM32G4xx_HAL_Driver/Src/stm32g4xx_hal_adc.o
 .text.LL_ADC_IsInternalRegulatorEnabled
                0x08002878       0x28 ./Drivers/STM32G4xx_HAL_Driver/Src/stm32g4xx_hal_adc.o
 .text.LL_ADC_Enable
                0x080028a0       0x28 ./Drivers/STM32G4xx_HAL_Driver/Src/stm32g4xx_hal_adc.o
 .text.LL_ADC_IsEnabled
                0x080028c8       0x26 ./Drivers/STM32G4xx_HAL_Driver/Src/stm32g4xx_hal_adc.o
 .text.LL_ADC_REG_StartConversion
                0x080028ee       0x28 ./Drivers/STM32G4xx_HAL_Driver/Src/stm32g4xx_hal_adc.o
 .text.LL_ADC_REG_IsConversionOngoing
                0x08002916       0x26 ./Drivers/STM32G4xx_HAL_Driver/Src/stm32g4xx_hal_adc.o
 .text.LL_ADC_INJ_IsConversionOngoing
                0x0800293c       0x26 ./Drivers/STM32G4xx_HAL_Driver/Src/stm32g4xx_hal_adc.o
 *fill*         0x08002962        0x2 
 .text.HAL_ADC_Init
                0x08002964      0x378 ./Drivers/STM32G4xx_HAL_Driver/Src/stm32g4xx_hal_adc.o
                0x08002964                HAL_ADC_Init
 .text.HAL_ADC_Start_DMA
                0x08002cdc      0x1a8 ./Drivers/STM32G4xx_HAL_Driver/Src/stm32g4xx_hal_adc.o
                0x08002cdc                HAL_ADC_Start_DMA
 .text.HAL_ADC_ConvCpltCallback
                0x08002e84       0x14 ./Drivers/STM32G4xx_HAL_Driver/Src/stm32g4xx_hal_adc.o
                0x08002e84                HAL_ADC_ConvCpltCallback
 .text.HAL_ADC_ConvHalfCpltCallback
                0x08002e98       0x14 ./Drivers/STM32G4xx_HAL_Driver/Src/stm32g4xx_hal_adc.o
                0x08002e98                HAL_ADC_ConvHalfCpltCallback
 .text.HAL_ADC_ErrorCallback
                0x08002eac       0x14 ./Drivers/STM32G4xx_HAL_Driver/Src/stm32g4xx_hal_adc.o
                0x08002eac                HAL_ADC_ErrorCallback
 .text.HAL_ADC_ConfigChannel
                0x08002ec0      0x880 ./Drivers/STM32G4xx_HAL_Driver/Src/stm32g4xx_hal_adc.o
                0x08002ec0                HAL_ADC_ConfigChannel
 .text.ADC_Enable
                0x08003740      0x12c ./Drivers/STM32G4xx_HAL_Driver/Src/stm32g4xx_hal_adc.o
                0x08003740                ADC_Enable
 .text.ADC_DMAConvCplt
                0x0800386c       0xd8 ./Drivers/STM32G4xx_HAL_Driver/Src/stm32g4xx_hal_adc.o
                0x0800386c                ADC_DMAConvCplt
 .text.ADC_DMAHalfConvCplt
                0x08003944       0x1c ./Drivers/STM32G4xx_HAL_Driver/Src/stm32g4xx_hal_adc.o
                0x08003944                ADC_DMAHalfConvCplt
 .text.ADC_DMAError
                0x08003960       0x34 ./Drivers/STM32G4xx_HAL_Driver/Src/stm32g4xx_hal_adc.o
                0x08003960                ADC_DMAError
 .text.LL_ADC_IsEnabled
                0x08003994       0x26 ./Drivers/STM32G4xx_HAL_Driver/Src/stm32g4xx_hal_adc_ex.o
 .text.LL_ADC_REG_IsConversionOngoing
                0x080039ba       0x26 ./Drivers/STM32G4xx_HAL_Driver/Src/stm32g4xx_hal_adc_ex.o
 .text.HAL_ADCEx_MultiModeConfigChannel
                0x080039e0      0x210 ./Drivers/STM32G4xx_HAL_Driver/Src/stm32g4xx_hal_adc_ex.o
                0x080039e0                HAL_ADCEx_MultiModeConfigChannel
 .text.__NVIC_SetPriorityGrouping
                0x08003bf0       0x48 ./Drivers/STM32G4xx_HAL_Driver/Src/stm32g4xx_hal_cortex.o
 .text.__NVIC_GetPriorityGrouping
                0x08003c38       0x1c ./Drivers/STM32G4xx_HAL_Driver/Src/stm32g4xx_hal_cortex.o
 .text.__NVIC_EnableIRQ
                0x08003c54       0x3c ./Drivers/STM32G4xx_HAL_Driver/Src/stm32g4xx_hal_cortex.o
 .text.__NVIC_ClearPendingIRQ
                0x08003c90       0x3c ./Drivers/STM32G4xx_HAL_Driver/Src/stm32g4xx_hal_cortex.o
 .text.__NVIC_SetPriority
                0x08003ccc       0x54 ./Drivers/STM32G4xx_HAL_Driver/Src/stm32g4xx_hal_cortex.o
 .text.NVIC_EncodePriority
                0x08003d20       0x66 ./Drivers/STM32G4xx_HAL_Driver/Src/stm32g4xx_hal_cortex.o
 *fill*         0x08003d86        0x2 
 .text.SysTick_Config
                0x08003d88       0x44 ./Drivers/STM32G4xx_HAL_Driver/Src/stm32g4xx_hal_cortex.o
 .text.HAL_NVIC_SetPriorityGrouping
                0x08003dcc       0x16 ./Drivers/STM32G4xx_HAL_Driver/Src/stm32g4xx_hal_cortex.o
                0x08003dcc                HAL_NVIC_SetPriorityGrouping
 .text.HAL_NVIC_SetPriority
                0x08003de2       0x34 ./Drivers/STM32G4xx_HAL_Driver/Src/stm32g4xx_hal_cortex.o
                0x08003de2                HAL_NVIC_SetPriority
 .text.HAL_NVIC_EnableIRQ
                0x08003e16       0x1c ./Drivers/STM32G4xx_HAL_Driver/Src/stm32g4xx_hal_cortex.o
                0x08003e16                HAL_NVIC_EnableIRQ
 .text.HAL_SYSTICK_Config
                0x08003e32       0x18 ./Drivers/STM32G4xx_HAL_Driver/Src/stm32g4xx_hal_cortex.o
                0x08003e32                HAL_SYSTICK_Config
 .text.HAL_NVIC_ClearPendingIRQ
                0x08003e4a       0x1c ./Drivers/STM32G4xx_HAL_Driver/Src/stm32g4xx_hal_cortex.o
                0x08003e4a                HAL_NVIC_ClearPendingIRQ
 *fill*         0x08003e66        0x2 
 .text.HAL_DMA_Init
                0x08003e68      0x150 ./Drivers/STM32G4xx_HAL_Driver/Src/stm32g4xx_hal_dma.o
                0x08003e68                HAL_DMA_Init
 .text.HAL_DMA_Start_IT
                0x08003fb8       0xf6 ./Drivers/STM32G4xx_HAL_Driver/Src/stm32g4xx_hal_dma.o
                0x08003fb8                HAL_DMA_Start_IT
 .text.HAL_DMA_IRQHandler
                0x080040ae      0x15e ./Drivers/STM32G4xx_HAL_Driver/Src/stm32g4xx_hal_dma.o
                0x080040ae                HAL_DMA_IRQHandler
 .text.DMA_SetConfig
                0x0800420c       0x7c ./Drivers/STM32G4xx_HAL_Driver/Src/stm32g4xx_hal_dma.o
 .text.DMA_CalcDMAMUXChannelBaseAndMask
                0x08004288       0x90 ./Drivers/STM32G4xx_HAL_Driver/Src/stm32g4xx_hal_dma.o
 .text.DMA_CalcDMAMUXRequestGenBaseAndMask
                0x08004318       0x4c ./Drivers/STM32G4xx_HAL_Driver/Src/stm32g4xx_hal_dma.o
 .text.HAL_FDCAN_Init
                0x08004364      0x2b4 ./Drivers/STM32G4xx_HAL_Driver/Src/stm32g4xx_hal_fdcan.o
                0x08004364                HAL_FDCAN_Init
 .text.HAL_FDCAN_ConfigFilter
                0x08004618       0xb4 ./Drivers/STM32G4xx_HAL_Driver/Src/stm32g4xx_hal_fdcan.o
                0x08004618                HAL_FDCAN_ConfigFilter
 .text.HAL_FDCAN_ConfigGlobalFilter
                0x080046cc       0x62 ./Drivers/STM32G4xx_HAL_Driver/Src/stm32g4xx_hal_fdcan.o
                0x080046cc                HAL_FDCAN_ConfigGlobalFilter
 .text.HAL_FDCAN_Start
                0x0800472e       0x50 ./Drivers/STM32G4xx_HAL_Driver/Src/stm32g4xx_hal_fdcan.o
                0x0800472e                HAL_FDCAN_Start
 .text.HAL_FDCAN_AddMessageToTxFifoQ
                0x0800477e       0x88 ./Drivers/STM32G4xx_HAL_Driver/Src/stm32g4xx_hal_fdcan.o
                0x0800477e                HAL_FDCAN_AddMessageToTxFifoQ
 *fill*         0x08004806        0x2 
 .text.HAL_FDCAN_GetRxMessage
                0x08004808      0x210 ./Drivers/STM32G4xx_HAL_Driver/Src/stm32g4xx_hal_fdcan.o
                0x08004808                HAL_FDCAN_GetRxMessage
 .text.HAL_FDCAN_ActivateNotification
                0x08004a18      0x1cc ./Drivers/STM32G4xx_HAL_Driver/Src/stm32g4xx_hal_fdcan.o
                0x08004a18                HAL_FDCAN_ActivateNotification
 .text.HAL_FDCAN_IRQHandler
                0x08004be4      0x266 ./Drivers/STM32G4xx_HAL_Driver/Src/stm32g4xx_hal_fdcan.o
                0x08004be4                HAL_FDCAN_IRQHandler
 .text.HAL_FDCAN_TxEventFifoCallback
                0x08004e4a       0x16 ./Drivers/STM32G4xx_HAL_Driver/Src/stm32g4xx_hal_fdcan.o
                0x08004e4a                HAL_FDCAN_TxEventFifoCallback
 .text.HAL_FDCAN_RxFifo1Callback
                0x08004e60       0x16 ./Drivers/STM32G4xx_HAL_Driver/Src/stm32g4xx_hal_fdcan.o
                0x08004e60                HAL_FDCAN_RxFifo1Callback
 .text.HAL_FDCAN_TxFifoEmptyCallback
                0x08004e76       0x14 ./Drivers/STM32G4xx_HAL_Driver/Src/stm32g4xx_hal_fdcan.o
                0x08004e76                HAL_FDCAN_TxFifoEmptyCallback
 .text.HAL_FDCAN_TxBufferCompleteCallback
                0x08004e8a       0x16 ./Drivers/STM32G4xx_HAL_Driver/Src/stm32g4xx_hal_fdcan.o
                0x08004e8a                HAL_FDCAN_TxBufferCompleteCallback
 .text.HAL_FDCAN_TxBufferAbortCallback
                0x08004ea0       0x16 ./Drivers/STM32G4xx_HAL_Driver/Src/stm32g4xx_hal_fdcan.o
                0x08004ea0                HAL_FDCAN_TxBufferAbortCallback
 .text.HAL_FDCAN_TimestampWraparoundCallback
                0x08004eb6       0x14 ./Drivers/STM32G4xx_HAL_Driver/Src/stm32g4xx_hal_fdcan.o
                0x08004eb6                HAL_FDCAN_TimestampWraparoundCallback
 .text.HAL_FDCAN_TimeoutOccurredCallback
                0x08004eca       0x14 ./Drivers/STM32G4xx_HAL_Driver/Src/stm32g4xx_hal_fdcan.o
                0x08004eca                HAL_FDCAN_TimeoutOccurredCallback
 .text.HAL_FDCAN_HighPriorityMessageCallback
                0x08004ede       0x14 ./Drivers/STM32G4xx_HAL_Driver/Src/stm32g4xx_hal_fdcan.o
                0x08004ede                HAL_FDCAN_HighPriorityMessageCallback
 .text.HAL_FDCAN_ErrorCallback
                0x08004ef2       0x14 ./Drivers/STM32G4xx_HAL_Driver/Src/stm32g4xx_hal_fdcan.o
                0x08004ef2                HAL_FDCAN_ErrorCallback
 .text.HAL_FDCAN_ErrorStatusCallback
                0x08004f06       0x16 ./Drivers/STM32G4xx_HAL_Driver/Src/stm32g4xx_hal_fdcan.o
                0x08004f06                HAL_FDCAN_ErrorStatusCallback
 .text.FDCAN_CalcultateRamBlockAddresses
                0x08004f1c       0xd8 ./Drivers/STM32G4xx_HAL_Driver/Src/stm32g4xx_hal_fdcan.o
 .text.FDCAN_CopyMessageToRAM
                0x08004ff4       0xf8 ./Drivers/STM32G4xx_HAL_Driver/Src/stm32g4xx_hal_fdcan.o
 .text.HAL_FLASH_Program
                0x080050ec       0xd8 ./Drivers/STM32G4xx_HAL_Driver/Src/stm32g4xx_hal_flash.o
                0x080050ec                HAL_FLASH_Program
 .text.HAL_FLASH_Unlock
                0x080051c4       0x44 ./Drivers/STM32G4xx_HAL_Driver/Src/stm32g4xx_hal_flash.o
                0x080051c4                HAL_FLASH_Unlock
 .text.HAL_FLASH_Lock
                0x08005208       0x34 ./Drivers/STM32G4xx_HAL_Driver/Src/stm32g4xx_hal_flash.o
                0x08005208                HAL_FLASH_Lock
 .text.FLASH_WaitForLastOperation
                0x0800523c       0xa4 ./Drivers/STM32G4xx_HAL_Driver/Src/stm32g4xx_hal_flash.o
                0x0800523c                FLASH_WaitForLastOperation
 .text.FLASH_Program_DoubleWord
                0x080052e0       0x4c ./Drivers/STM32G4xx_HAL_Driver/Src/stm32g4xx_hal_flash.o
 .text.FLASH_Program_Fast
                0x0800532c       0x6c ./Drivers/STM32G4xx_HAL_Driver/Src/stm32g4xx_hal_flash.o
 .text.HAL_FLASHEx_Erase
                0x08005398      0x138 ./Drivers/STM32G4xx_HAL_Driver/Src/stm32g4xx_hal_flash_ex.o
                0x08005398                HAL_FLASHEx_Erase
 .text.FLASH_MassErase
                0x080054d0       0x70 ./Drivers/STM32G4xx_HAL_Driver/Src/stm32g4xx_hal_flash_ex.o
 .text.FLASH_PageErase
                0x08005540       0x88 ./Drivers/STM32G4xx_HAL_Driver/Src/stm32g4xx_hal_flash_ex.o
                0x08005540                FLASH_PageErase
 .text.FLASH_FlushCaches
                0x080055c8       0x94 ./Drivers/STM32G4xx_HAL_Driver/Src/stm32g4xx_hal_flash_ex.o
                0x080055c8                FLASH_FlushCaches
 .text.HAL_GPIO_Init
                0x0800565c      0x318 ./Drivers/STM32G4xx_HAL_Driver/Src/stm32g4xx_hal_gpio.o
                0x0800565c                HAL_GPIO_Init
 .text.HAL_GPIO_ReadPin
                0x08005974       0x30 ./Drivers/STM32G4xx_HAL_Driver/Src/stm32g4xx_hal_gpio.o
                0x08005974                HAL_GPIO_ReadPin
 .text.HAL_GPIO_WritePin
                0x080059a4       0x30 ./Drivers/STM32G4xx_HAL_Driver/Src/stm32g4xx_hal_gpio.o
                0x080059a4                HAL_GPIO_WritePin
 .text.HAL_GPIO_TogglePin
                0x080059d4       0x34 ./Drivers/STM32G4xx_HAL_Driver/Src/stm32g4xx_hal_gpio.o
                0x080059d4                HAL_GPIO_TogglePin
 .text.HAL_GPIO_EXTI_IRQHandler
                0x08005a08       0x30 ./Drivers/STM32G4xx_HAL_Driver/Src/stm32g4xx_hal_gpio.o
                0x08005a08                HAL_GPIO_EXTI_IRQHandler
 .text.HAL_I2C_Init
                0x08005a38      0x136 ./Drivers/STM32G4xx_HAL_Driver/Src/stm32g4xx_hal_i2c.o
                0x08005a38                HAL_I2C_Init
 *fill*         0x08005b6e        0x2 
 .text.HAL_I2C_Master_Transmit
                0x08005b70      0x230 ./Drivers/STM32G4xx_HAL_Driver/Src/stm32g4xx_hal_i2c.o
                0x08005b70                HAL_I2C_Master_Transmit
 .text.I2C_Flush_TXDR
                0x08005da0       0x48 ./Drivers/STM32G4xx_HAL_Driver/Src/stm32g4xx_hal_i2c.o
 .text.I2C_WaitOnFlagUntilTimeout
                0x08005de8       0xb2 ./Drivers/STM32G4xx_HAL_Driver/Src/stm32g4xx_hal_i2c.o
 .text.I2C_WaitOnTXISFlagUntilTimeout
                0x08005e9a       0x8e ./Drivers/STM32G4xx_HAL_Driver/Src/stm32g4xx_hal_i2c.o
 .text.I2C_WaitOnSTOPFlagUntilTimeout
                0x08005f28       0x86 ./Drivers/STM32G4xx_HAL_Driver/Src/stm32g4xx_hal_i2c.o
 *fill*         0x08005fae        0x2 
 .text.I2C_IsErrorOccurred
                0x08005fb0      0x1c0 ./Drivers/STM32G4xx_HAL_Driver/Src/stm32g4xx_hal_i2c.o
 .text.I2C_TransferConfig
                0x08006170       0x64 ./Drivers/STM32G4xx_HAL_Driver/Src/stm32g4xx_hal_i2c.o
 .text.HAL_I2CEx_ConfigAnalogFilter
                0x080061d4       0x96 ./Drivers/STM32G4xx_HAL_Driver/Src/stm32g4xx_hal_i2c_ex.o
                0x080061d4                HAL_I2CEx_ConfigAnalogFilter
 .text.HAL_I2CEx_ConfigDigitalFilter
                0x0800626a       0x98 ./Drivers/STM32G4xx_HAL_Driver/Src/stm32g4xx_hal_i2c_ex.o
                0x0800626a                HAL_I2CEx_ConfigDigitalFilter
 *fill*         0x08006302        0x2 
 .text.HAL_PWREx_ControlVoltageScaling
                0x08006304      0x148 ./Drivers/STM32G4xx_HAL_Driver/Src/stm32g4xx_hal_pwr_ex.o
                0x08006304                HAL_PWREx_ControlVoltageScaling
 .text.HAL_PWREx_DisableUCPDDeadBattery
                0x0800644c       0x20 ./Drivers/STM32G4xx_HAL_Driver/Src/stm32g4xx_hal_pwr_ex.o
                0x0800644c                HAL_PWREx_DisableUCPDDeadBattery
 .text.HAL_RCC_OscConfig
                0x0800646c      0x624 ./Drivers/STM32G4xx_HAL_Driver/Src/stm32g4xx_hal_rcc.o
                0x0800646c                HAL_RCC_OscConfig
 .text.HAL_RCC_ClockConfig
                0x08006a90      0x278 ./Drivers/STM32G4xx_HAL_Driver/Src/stm32g4xx_hal_rcc.o
                0x08006a90                HAL_RCC_ClockConfig
 .text.HAL_RCC_GetSysClockFreq
                0x08006d08       0xc4 ./Drivers/STM32G4xx_HAL_Driver/Src/stm32g4xx_hal_rcc.o
                0x08006d08                HAL_RCC_GetSysClockFreq
 .text.RCC_GetSysClockFreqFromPLLSource
                0x08006dcc       0x8c ./Drivers/STM32G4xx_HAL_Driver/Src/stm32g4xx_hal_rcc.o
 .text.HAL_RCCEx_PeriphCLKConfig
                0x08006e58      0x49c ./Drivers/STM32G4xx_HAL_Driver/Src/stm32g4xx_hal_rcc_ex.o
                0x08006e58                HAL_RCCEx_PeriphCLKConfig
 .text.HAL_TIM_Base_Init
                0x080072f4       0xae ./Drivers/STM32G4xx_HAL_Driver/Src/stm32g4xx_hal_tim.o
                0x080072f4                HAL_TIM_Base_Init
 *fill*         0x080073a2        0x2 
 .text.HAL_TIM_Base_Start_IT
                0x080073a4       0xf0 ./Drivers/STM32G4xx_HAL_Driver/Src/stm32g4xx_hal_tim.o
                0x080073a4                HAL_TIM_Base_Start_IT
 .text.HAL_TIM_PWM_Init
                0x08007494       0xae ./Drivers/STM32G4xx_HAL_Driver/Src/stm32g4xx_hal_tim.o
                0x08007494                HAL_TIM_PWM_Init
 .text.HAL_TIM_PWM_MspInit
                0x08007542       0x14 ./Drivers/STM32G4xx_HAL_Driver/Src/stm32g4xx_hal_tim.o
                0x08007542                HAL_TIM_PWM_MspInit
 *fill*         0x08007556        0x2 
 .text.HAL_TIM_PWM_Start
                0x08007558      0x224 ./Drivers/STM32G4xx_HAL_Driver/Src/stm32g4xx_hal_tim.o
                0x08007558                HAL_TIM_PWM_Start
 .text.HAL_TIM_IC_Init
                0x0800777c       0xae ./Drivers/STM32G4xx_HAL_Driver/Src/stm32g4xx_hal_tim.o
                0x0800777c                HAL_TIM_IC_Init
 *fill*         0x0800782a        0x2 
 .text.HAL_TIM_IC_Start_IT
                0x0800782c      0x2a0 ./Drivers/STM32G4xx_HAL_Driver/Src/stm32g4xx_hal_tim.o
                0x0800782c                HAL_TIM_IC_Start_IT
 .text.HAL_TIM_IRQHandler
                0x08007acc      0x29e ./Drivers/STM32G4xx_HAL_Driver/Src/stm32g4xx_hal_tim.o
                0x08007acc                HAL_TIM_IRQHandler
 .text.HAL_TIM_IC_ConfigChannel
                0x08007d6a      0x138 ./Drivers/STM32G4xx_HAL_Driver/Src/stm32g4xx_hal_tim.o
                0x08007d6a                HAL_TIM_IC_ConfigChannel
 *fill*         0x08007ea2        0x2 
 .text.HAL_TIM_PWM_ConfigChannel
                0x08007ea4      0x228 ./Drivers/STM32G4xx_HAL_Driver/Src/stm32g4xx_hal_tim.o
                0x08007ea4                HAL_TIM_PWM_ConfigChannel
 .text.HAL_TIM_ConfigClockSource
                0x080080cc      0x22c ./Drivers/STM32G4xx_HAL_Driver/Src/stm32g4xx_hal_tim.o
                0x080080cc                HAL_TIM_ConfigClockSource
 .text.HAL_TIM_ReadCapturedValue
                0x080082f8       0x88 ./Drivers/STM32G4xx_HAL_Driver/Src/stm32g4xx_hal_tim.o
                0x080082f8                HAL_TIM_ReadCapturedValue
 .text.HAL_TIM_OC_DelayElapsedCallback
                0x08008380       0x14 ./Drivers/STM32G4xx_HAL_Driver/Src/stm32g4xx_hal_tim.o
                0x08008380                HAL_TIM_OC_DelayElapsedCallback
 .text.HAL_TIM_PWM_PulseFinishedCallback
                0x08008394       0x14 ./Drivers/STM32G4xx_HAL_Driver/Src/stm32g4xx_hal_tim.o
                0x08008394                HAL_TIM_PWM_PulseFinishedCallback
 .text.HAL_TIM_TriggerCallback
                0x080083a8       0x14 ./Drivers/STM32G4xx_HAL_Driver/Src/stm32g4xx_hal_tim.o
                0x080083a8                HAL_TIM_TriggerCallback
 .text.TIM_Base_SetConfig
                0x080083bc      0x15c ./Drivers/STM32G4xx_HAL_Driver/Src/stm32g4xx_hal_tim.o
                0x080083bc                TIM_Base_SetConfig
 .text.TIM_OC1_SetConfig
                0x08008518      0x138 ./Drivers/STM32G4xx_HAL_Driver/Src/stm32g4xx_hal_tim.o
 .text.TIM_OC2_SetConfig
                0x08008650      0x12c ./Drivers/STM32G4xx_HAL_Driver/Src/stm32g4xx_hal_tim.o
                0x08008650                TIM_OC2_SetConfig
 .text.TIM_OC3_SetConfig
                0x0800877c      0x128 ./Drivers/STM32G4xx_HAL_Driver/Src/stm32g4xx_hal_tim.o
 .text.TIM_OC4_SetConfig
                0x080088a4      0x12c ./Drivers/STM32G4xx_HAL_Driver/Src/stm32g4xx_hal_tim.o
 .text.TIM_OC5_SetConfig
                0x080089d0       0xd4 ./Drivers/STM32G4xx_HAL_Driver/Src/stm32g4xx_hal_tim.o
 .text.TIM_OC6_SetConfig
                0x08008aa4       0xd8 ./Drivers/STM32G4xx_HAL_Driver/Src/stm32g4xx_hal_tim.o
 .text.TIM_TI1_SetConfig
                0x08008b7c      0x12c ./Drivers/STM32G4xx_HAL_Driver/Src/stm32g4xx_hal_tim.o
                0x08008b7c                TIM_TI1_SetConfig
 .text.TIM_TI1_ConfigInputStage
                0x08008ca8       0xb4 ./Drivers/STM32G4xx_HAL_Driver/Src/stm32g4xx_hal_tim.o
 .text.TIM_TI2_SetConfig
                0x08008d5c       0xac ./Drivers/STM32G4xx_HAL_Driver/Src/stm32g4xx_hal_tim.o
 .text.TIM_TI2_ConfigInputStage
                0x08008e08       0x90 ./Drivers/STM32G4xx_HAL_Driver/Src/stm32g4xx_hal_tim.o
 .text.TIM_TI3_SetConfig
                0x08008e98       0xa8 ./Drivers/STM32G4xx_HAL_Driver/Src/stm32g4xx_hal_tim.o
 .text.TIM_TI4_SetConfig
                0x08008f40       0xac ./Drivers/STM32G4xx_HAL_Driver/Src/stm32g4xx_hal_tim.o
 .text.TIM_ITRx_SetConfig
                0x08008fec       0x3a ./Drivers/STM32G4xx_HAL_Driver/Src/stm32g4xx_hal_tim.o
 .text.TIM_ETR_SetConfig
                0x08009026       0x40 ./Drivers/STM32G4xx_HAL_Driver/Src/stm32g4xx_hal_tim.o
                0x08009026                TIM_ETR_SetConfig
 .text.TIM_CCxChannelCmd
                0x08009066       0x4a ./Drivers/STM32G4xx_HAL_Driver/Src/stm32g4xx_hal_tim.o
                0x08009066                TIM_CCxChannelCmd
 .text.HAL_TIMEx_MasterConfigSynchronization
                0x080090b0      0x12c ./Drivers/STM32G4xx_HAL_Driver/Src/stm32g4xx_hal_tim_ex.o
                0x080090b0                HAL_TIMEx_MasterConfigSynchronization
 .text.HAL_TIMEx_ConfigBreakDeadTime
                0x080091dc      0x128 ./Drivers/STM32G4xx_HAL_Driver/Src/stm32g4xx_hal_tim_ex.o
                0x080091dc                HAL_TIMEx_ConfigBreakDeadTime
 .text.HAL_TIMEx_CommutCallback
                0x08009304       0x14 ./Drivers/STM32G4xx_HAL_Driver/Src/stm32g4xx_hal_tim_ex.o
                0x08009304                HAL_TIMEx_CommutCallback
 .text.HAL_TIMEx_BreakCallback
                0x08009318       0x14 ./Drivers/STM32G4xx_HAL_Driver/Src/stm32g4xx_hal_tim_ex.o
                0x08009318                HAL_TIMEx_BreakCallback
 .text.HAL_TIMEx_Break2Callback
                0x0800932c       0x14 ./Drivers/STM32G4xx_HAL_Driver/Src/stm32g4xx_hal_tim_ex.o
                0x0800932c                HAL_TIMEx_Break2Callback
 .text.HAL_TIMEx_EncoderIndexCallback
                0x08009340       0x14 ./Drivers/STM32G4xx_HAL_Driver/Src/stm32g4xx_hal_tim_ex.o
                0x08009340                HAL_TIMEx_EncoderIndexCallback
 .text.HAL_TIMEx_DirectionChangeCallback
                0x08009354       0x14 ./Drivers/STM32G4xx_HAL_Driver/Src/stm32g4xx_hal_tim_ex.o
                0x08009354                HAL_TIMEx_DirectionChangeCallback
 .text.HAL_TIMEx_IndexErrorCallback
                0x08009368       0x14 ./Drivers/STM32G4xx_HAL_Driver/Src/stm32g4xx_hal_tim_ex.o
                0x08009368                HAL_TIMEx_IndexErrorCallback
 .text.HAL_TIMEx_TransitionErrorCallback
                0x0800937c       0x14 ./Drivers/STM32G4xx_HAL_Driver/Src/stm32g4xx_hal_tim_ex.o
                0x0800937c                HAL_TIMEx_TransitionErrorCallback
 .text.memset   0x08009390       0x10 C:/ST/STM32CubeIDE_2.1.1/STM32CubeIDE/plugins/com.st.stm32cube.ide.mcu.externaltools.gnu-tools-for-stm32.14.3.rel1.win32_1.0.100.202602081740/tools/bin/../lib/gcc/arm-none-eabi/14.3.1/../../../../arm-none-eabi/lib/thumb/v7e-m+fp/hard\libc_nano.a(libc_a-memset.o)
                0x08009390                memset
 .text.__libc_init_array
                0x080093a0       0x48 C:/ST/STM32CubeIDE_2.1.1/STM32CubeIDE/plugins/com.st.stm32cube.ide.mcu.externaltools.gnu-tools-for-stm32.14.3.rel1.win32_1.0.100.202602081740/tools/bin/../lib/gcc/arm-none-eabi/14.3.1/../../../../arm-none-eabi/lib/thumb/v7e-m+fp/hard\libc_nano.a(libc_a-init.o)
                0x080093a0                __libc_init_array
 *(.glue_7)
 .glue_7        0x080093e8        0x0 linker stubs
 *(.glue_7t)
 .glue_7t       0x080093e8        0x0 linker stubs
 *(.eh_frame)
 .eh_frame      0x080093e8        0x0 C:/ST/STM32CubeIDE_2.1.1/STM32CubeIDE/plugins/com.st.stm32cube.ide.mcu.externaltools.gnu-tools-for-stm32.14.3.rel1.win32_1.0.100.202602081740/tools/bin/../lib/gcc/arm-none-eabi/14.3.1/thumb/v7e-m+fp/hard/crtbegin.o
 *(.init)
 .init          0x080093e8        0x4 C:/ST/STM32CubeIDE_2.1.1/STM32CubeIDE/plugins/com.st.stm32cube.ide.mcu.externaltools.gnu-tools-for-stm32.14.3.rel1.win32_1.0.100.202602081740/tools/bin/../lib/gcc/arm-none-eabi/14.3.1/thumb/v7e-m+fp/hard/crti.o
                0x080093e8                _init
 .init          0x080093ec        0x8 C:/ST/STM32CubeIDE_2.1.1/STM32CubeIDE/plugins/com.st.stm32cube.ide.mcu.externaltools.gnu-tools-for-stm32.14.3.rel1.win32_1.0.100.202602081740/tools/bin/../lib/gcc/arm-none-eabi/14.3.1/thumb/v7e-m+fp/hard/crtn.o
 *(.fini)
 .fini          0x080093f4        0x4 C:/ST/STM32CubeIDE_2.1.1/STM32CubeIDE/plugins/com.st.stm32cube.ide.mcu.externaltools.gnu-tools-for-stm32.14.3.rel1.win32_1.0.100.202602081740/tools/bin/../lib/gcc/arm-none-eabi/14.3.1/thumb/v7e-m+fp/hard/crti.o
                0x080093f4                _fini
 .fini          0x080093f8        0x8 C:/ST/STM32CubeIDE_2.1.1/STM32CubeIDE/plugins/com.st.stm32cube.ide.mcu.externaltools.gnu-tools-for-stm32.14.3.rel1.win32_1.0.100.202602081740/tools/bin/../lib/gcc/arm-none-eabi/14.3.1/thumb/v7e-m+fp/hard/crtn.o
                0x08009400                        . = ALIGN (0x4)
                0x08009400                        _etext = .

.vfp11_veneer   0x08009400        0x0
 .vfp11_veneer  0x08009400        0x0 linker stubs

.v4_bx          0x08009400        0x0
 .v4_bx         0x08009400        0x0 linker stubs

.iplt           0x08009400        0x0
 .iplt          0x08009400        0x0 C:/ST/STM32CubeIDE_2.1.1/STM32CubeIDE/plugins/com.st.stm32cube.ide.mcu.externaltools.gnu-tools-for-stm32.14.3.rel1.win32_1.0.100.202602081740/tools/bin/../lib/gcc/arm-none-eabi/14.3.1/thumb/v7e-m+fp/hard/crtbegin.o

.rodata         0x08009400       0x20
                0x08009400                        . = ALIGN (0x4)
 *(.rodata)
 *(.rodata*)
 .rodata.AHBPrescTable
                0x08009400       0x10 ./Core/Src/system_stm32g4xx.o
                0x08009400                AHBPrescTable
 .rodata.DLCtoBytes
                0x08009410       0x10 ./Drivers/STM32G4xx_HAL_Driver/Src/stm32g4xx_hal_fdcan.o
                0x08009420                        . = ALIGN (0x4)

.ARM.extab      0x08009420        0x0
                0x08009420                        . = ALIGN (0x4)
 *(.ARM.extab* .gnu.linkonce.armextab.*)
                0x08009420                        . = ALIGN (0x4)

.ARM            0x08009420        0x0
                0x08009420                        . = ALIGN (0x4)
                0x08009420                        __exidx_start = .
 *(.ARM.exidx*)
                0x08009420                        __exidx_end = .
                0x08009420                        . = ALIGN (0x4)

.preinit_array  0x08009420        0x0
                0x08009420                        . = ALIGN (0x4)
                0x08009420                        PROVIDE (__preinit_array_start = .)
 *(.preinit_array*)
                0x08009420                        PROVIDE (__preinit_array_end = .)
                0x08009420                        . = ALIGN (0x4)

.init_array     0x08009420        0x4
                0x08009420                        . = ALIGN (0x4)
                0x08009420                        PROVIDE (__init_array_start = .)
 *(SORT_BY_NAME(.init_array.*))
 *(.init_array*)
 .init_array    0x08009420        0x4 C:/ST/STM32CubeIDE_2.1.1/STM32CubeIDE/plugins/com.st.stm32cube.ide.mcu.externaltools.gnu-tools-for-stm32.14.3.rel1.win32_1.0.100.202602081740/tools/bin/../lib/gcc/arm-none-eabi/14.3.1/thumb/v7e-m+fp/hard/crtbegin.o
                0x08009424                        PROVIDE (__init_array_end = .)
                0x08009424                        . = ALIGN (0x4)

.fini_array     0x08009424        0x4
                0x08009424                        . = ALIGN (0x4)
                [!provide]                        PROVIDE (__fini_array_start = .)
 *(SORT_BY_NAME(.fini_array.*))
 *(.fini_array*)
 .fini_array    0x08009424        0x4 C:/ST/STM32CubeIDE_2.1.1/STM32CubeIDE/plugins/com.st.stm32cube.ide.mcu.externaltools.gnu-tools-for-stm32.14.3.rel1.win32_1.0.100.202602081740/tools/bin/../lib/gcc/arm-none-eabi/14.3.1/thumb/v7e-m+fp/hard/crtbegin.o
                [!provide]                        PROVIDE (__fini_array_end = .)
                0x08009428                        . = ALIGN (0x4)
                0x08009428                        _sidata = LOADADDR (.data)

.rel.dyn        0x08009428        0x0
 .rel.iplt      0x08009428        0x0 C:/ST/STM32CubeIDE_2.1.1/STM32CubeIDE/plugins/com.st.stm32cube.ide.mcu.externaltools.gnu-tools-for-stm32.14.3.rel1.win32_1.0.100.202602081740/tools/bin/../lib/gcc/arm-none-eabi/14.3.1/thumb/v7e-m+fp/hard/crtbegin.o

.data           0x20000000       0x44 load address 0x08009428
                0x20000000                        . = ALIGN (0x4)
                0x20000000                        _sdata = .
 *(.data)
 *(.data*)
 .data.CurtisIO_Speed_Kp
                0x20000000        0x4 ./Core/Src/curtis_io.o
                0x20000000                CurtisIO_Speed_Kp
 .data.CurtisIO_Speed_Ki
                0x20000004        0x4 ./Core/Src/curtis_io.o
                0x20000004                CurtisIO_Speed_Ki
 .data.last_volts.4
                0x20000008        0x4 ./Core/Src/curtis_io.o
 .data.start_angle_deg
                0x2000000c        0x4 ./Core/Src/main.o
                0x2000000c                start_angle_deg
 .data.stop_angle_deg
                0x20000010        0x4 ./Core/Src/main.o
                0x20000010                stop_angle_deg
 .data.servo_target.9
                0x20000014        0x4 ./Core/Src/main.o
 .data.SystemCoreClock
                0x20000018        0x4 ./Core/Src/system_stm32g4xx.o
                0x20000018                SystemCoreClock
 .data.uwTickPrio
                0x2000001c        0x4 ./Drivers/STM32G4xx_HAL_Driver/Src/stm32g4xx_hal.o
                0x2000001c                uwTickPrio
 .data.uwTickFreq
                0x20000020        0x4 ./Drivers/STM32G4xx_HAL_Driver/Src/stm32g4xx_hal.o
                0x20000020                uwTickFreq
 .data.pFlash   0x20000024       0x20 ./Drivers/STM32G4xx_HAL_Driver/Src/stm32g4xx_hal_flash.o
                0x20000024                pFlash
 *(.RamFunc)
 *(.RamFunc*)
                0x20000044                        . = ALIGN (0x4)
                0x20000044                        _edata = .

.igot.plt       0x20000044        0x0 load address 0x0800946c
 .igot.plt      0x20000044        0x0 C:/ST/STM32CubeIDE_2.1.1/STM32CubeIDE/plugins/com.st.stm32cube.ide.mcu.externaltools.gnu-tools-for-stm32.14.3.rel1.win32_1.0.100.202602081740/tools/bin/../lib/gcc/arm-none-eabi/14.3.1/thumb/v7e-m+fp/hard/crtbegin.o
                0x20000044                        . = ALIGN (0x4)

.bss            0x20000044      0x3ac load address 0x0800946c
                0x20000044                        _sbss = .
                0x20000044                        __bss_start__ = _sbss
 *(.bss)
 .bss           0x20000044       0x1c C:/ST/STM32CubeIDE_2.1.1/STM32CubeIDE/plugins/com.st.stm32cube.ide.mcu.externaltools.gnu-tools-for-stm32.14.3.rel1.win32_1.0.100.202602081740/tools/bin/../lib/gcc/arm-none-eabi/14.3.1/thumb/v7e-m+fp/hard/crtbegin.o
 *(.bss*)
 .bss.hadc1     0x20000060       0x6c ./Core/Src/adc.o
                0x20000060                hadc1
 .bss.hdma_adc1
                0x200000cc       0x60 ./Core/Src/adc.o
                0x200000cc                hdma_adc1
 .bss.s_last_capture
                0x2000012c        0x4 ./Core/Src/curtis_io.o
 .bss.s_have_prev
                0x20000130        0x1 ./Core/Src/curtis_io.o
 *fill*         0x20000131        0x3 
 .bss.s_last_edge_ms
                0x20000134        0x4 ./Core/Src/curtis_io.o
 .bss.s_freq_hz
                0x20000138        0x4 ./Core/Src/curtis_io.o
 .bss.CurtisIO_Override_forward
                0x2000013c        0x1 ./Core/Src/curtis_io.o
                0x2000013c                CurtisIO_Override_forward
 .bss.CurtisIO_Override_backward
                0x2000013d        0x1 ./Core/Src/curtis_io.o
                0x2000013d                CurtisIO_Override_backward
 .bss.CurtisIO_Override_pedal
                0x2000013e        0x1 ./Core/Src/curtis_io.o
                0x2000013e                CurtisIO_Override_pedal
 *fill*         0x2000013f        0x1 
 .bss.CurtisIO_Override_mcor_volts
                0x20000140        0x4 ./Core/Src/curtis_io.o
                0x20000140                CurtisIO_Override_mcor_volts
 .bss.CurtisIO_Override_i2c_ok
                0x20000144        0x1 ./Core/Src/curtis_io.o
                0x20000144                CurtisIO_Override_i2c_ok
 *fill*         0x20000145        0x3 
 .bss.CurtisIO_Speed_Kd
                0x20000148        0x4 ./Core/Src/curtis_io.o
                0x20000148                CurtisIO_Speed_Kd
 .bss.CurtisIO_Speed_target_mps
                0x2000014c        0x4 ./Core/Src/curtis_io.o
                0x2000014c                CurtisIO_Speed_target_mps
 .bss.CurtisIO_Speed_measured_mps
                0x20000150        0x4 ./Core/Src/curtis_io.o
                0x20000150                CurtisIO_Speed_measured_mps
 .bss.CurtisIO_Speed_error
                0x20000154        0x4 ./Core/Src/curtis_io.o
                0x20000154                CurtisIO_Speed_error
 .bss.CurtisIO_Speed_mcor_volts
                0x20000158        0x4 ./Core/Src/curtis_io.o
                0x20000158                CurtisIO_Speed_mcor_volts
 .bss.CurtisIO_Speed_forward
                0x2000015c        0x1 ./Core/Src/curtis_io.o
                0x2000015c                CurtisIO_Speed_forward
 .bss.CurtisIO_Speed_backward
                0x2000015d        0x1 ./Core/Src/curtis_io.o
                0x2000015d                CurtisIO_Speed_backward
 .bss.CurtisIO_Speed_pedal
                0x2000015e        0x1 ./Core/Src/curtis_io.o
                0x2000015e                CurtisIO_Speed_pedal
 .bss.CurtisIO_Speed_i2c_ok
                0x2000015f        0x1 ./Core/Src/curtis_io.o
                0x2000015f                CurtisIO_Speed_i2c_ok
 .bss.running.5
                0x20000160        0x1 ./Core/Src/curtis_io.o
 .bss.running.3
                0x20000161        0x1 ./Core/Src/curtis_io.o
 *fill*         0x20000162        0x2 
 .bss.integ.2   0x20000164        0x4 ./Core/Src/curtis_io.o
 .bss.prev_err.1
                0x20000168        0x4 ./Core/Src/curtis_io.o
 .bss.last_tick.0
                0x2000016c        0x4 ./Core/Src/curtis_io.o
 .bss.hfdcan1   0x20000170       0x64 ./Core/Src/fdcan.o
                0x20000170                hfdcan1
 .bss.hi2c2     0x200001d4       0x54 ./Core/Src/i2c.o
                0x200001d4                hi2c2
 .bss.relay_cmd
                0x20000228        0x1 ./Core/Src/main.o
                0x20000228                relay_cmd
 .bss.flash_save_req
                0x20000229        0x1 ./Core/Src/main.o
                0x20000229                flash_save_req
 *fill*         0x2000022a        0x2 
 .bss.flash_req_tick
                0x2000022c        0x4 ./Core/Src/main.o
                0x2000022c                flash_req_tick
 .bss.flash_write_ok
                0x20000230        0x1 ./Core/Src/main.o
                0x20000230                flash_write_ok
 *fill*         0x20000231        0x1 
 .bss.led2_blink_ticks
                0x20000232        0x2 ./Core/Src/main.o
                0x20000232                led2_blink_ticks
 .bss.adc_buffer
                0x20000234        0x8 ./Core/Src/main.o
                0x20000234                adc_buffer
 .bss.led_counter
                0x2000023c        0x2 ./Core/Src/main.o
                0x2000023c                led_counter
 .bss.watchdog_status
                0x2000023e        0x1 ./Core/Src/main.o
                0x2000023e                watchdog_status
 .bss.can_tx_flag
                0x2000023f        0x1 ./Core/Src/main.o
                0x2000023f                can_tx_flag
 .bss.current_ma
                0x20000240        0x4 ./Core/Src/main.o
                0x20000240                current_ma
 .bss.heartbeat_seq
                0x20000244        0x2 ./Core/Src/main.o
                0x20000244                heartbeat_seq
 *fill*         0x20000246        0x2 
 .bss.CanTxHeader
                0x20000248       0x24 ./Core/Src/main.o
                0x20000248                CanTxHeader
 .bss.CanServoTxHeader
                0x2000026c       0x24 ./Core/Src/main.o
                0x2000026c                CanServoTxHeader
 .bss.CanSpeedTxHeader
                0x20000290       0x24 ./Core/Src/main.o
                0x20000290                CanSpeedTxHeader
 .bss.curtis_forward
                0x200002b4        0x1 ./Core/Src/main.o
                0x200002b4                curtis_forward
 .bss.curtis_backward
                0x200002b5        0x1 ./Core/Src/main.o
                0x200002b5                curtis_backward
 .bss.curtis_pedal
                0x200002b6        0x1 ./Core/Src/main.o
                0x200002b6                curtis_pedal
 *fill*         0x200002b7        0x1 
 .bss.mcor_volts
                0x200002b8        0x4 ./Core/Src/main.o
                0x200002b8                mcor_volts
 .bss.speed_sensor_hz
                0x200002bc        0x4 ./Core/Src/main.o
                0x200002bc                speed_sensor_hz
 .bss.output_override_enable
                0x200002c0        0x1 ./Core/Src/main.o
                0x200002c0                output_override_enable
 .bss.speed_control_enable
                0x200002c1        0x1 ./Core/Src/main.o
                0x200002c1                speed_control_enable
 *fill*         0x200002c2        0x2 
 .bss.curtis_speed_target_mps
                0x200002c4        0x4 ./Core/Src/main.o
                0x200002c4                curtis_speed_target_mps
 .bss.speed_sensor_mps
                0x200002c8        0x4 ./Core/Src/main.o
                0x200002c8                speed_sensor_mps
 .bss.brake_state.8
                0x200002cc        0x1 ./Core/Src/main.o
 *fill*         0x200002cd        0x3 
 .bss.release_tick.7
                0x200002d0        0x4 ./Core/Src/main.o
 .bss.adc_sum.6
                0x200002d4        0x4 ./Core/Src/main.o
 .bss.adc_idx.5
                0x200002d8        0x1 ./Core/Src/main.o
 *fill*         0x200002d9        0x3 
 .bss.adc_window.4
                0x200002dc       0x20 ./Core/Src/main.o
 .bss.oc_over_since.3
                0x200002fc        0x4 ./Core/Src/main.o
 .bss.b.2       0x20000300        0x1 ./Core/Src/main.o
 *fill*         0x20000301        0x1 
 .bss.hb_counter.1
                0x20000302        0x2 ./Core/Src/main.o
 .bss.btn_prev.0
                0x20000304        0x1 ./Core/Src/main.o
 *fill*         0x20000305        0x3 
 .bss.htim1     0x20000308       0x4c ./Core/Src/tim.o
                0x20000308                htim1
 .bss.htim2     0x20000354       0x4c ./Core/Src/tim.o
                0x20000354                htim2
 .bss.htim6     0x200003a0       0x4c ./Core/Src/tim.o
                0x200003a0                htim6
 .bss.uwTick    0x200003ec        0x4 ./Drivers/STM32G4xx_HAL_Driver/Src/stm32g4xx_hal.o
                0x200003ec                uwTick
 *(COMMON)
                0x200003f0                        . = ALIGN (0x4)
                0x200003f0                        _ebss = .
                0x200003f0                        __bss_end__ = _ebss

._user_heap_stack
                0x200003f0      0x600 load address 0x0800946c
                0x200003f0                        . = ALIGN (0x8)
                [!provide]                        PROVIDE (end = .)
                0x200003f0                        PROVIDE (_end = .)
                0x200005f0                        . = (. + _Min_Heap_Size)
 *fill*         0x200003f0      0x200 
                0x200009f0                        . = (. + _Min_Stack_Size)
 *fill*         0x200005f0      0x400 
                0x200009f0                        . = ALIGN (0x8)

/DISCARD/
 libc.a(*)
 libm.a(*)
 libgcc.a(*)

.ARM.attributes
                0x00000000       0x30
 *(.ARM.attributes)
 .ARM.attributes
                0x00000000       0x22 C:/ST/STM32CubeIDE_2.1.1/STM32CubeIDE/plugins/com.st.stm32cube.ide.mcu.externaltools.gnu-tools-for-stm32.14.3.rel1.win32_1.0.100.202602081740/tools/bin/../lib/gcc/arm-none-eabi/14.3.1/thumb/v7e-m+fp/hard/crti.o
 .ARM.attributes
                0x00000022       0x34 C:/ST/STM32CubeIDE_2.1.1/STM32CubeIDE/plugins/com.st.stm32cube.ide.mcu.externaltools.gnu-tools-for-stm32.14.3.rel1.win32_1.0.100.202602081740/tools/bin/../lib/gcc/arm-none-eabi/14.3.1/thumb/v7e-m+fp/hard/crtbegin.o
 .ARM.attributes
                0x00000056       0x34 ./Core/Src/adc.o
 .ARM.attributes
                0x0000008a       0x34 ./Core/Src/curtis_io.o
 .ARM.attributes
                0x000000be       0x34 ./Core/Src/dma.o
 .ARM.attributes
                0x000000f2       0x34 ./Core/Src/fdcan.o
 .ARM.attributes
                0x00000126       0x34 ./Core/Src/flash_store.o
 .ARM.attributes
                0x0000015a       0x34 ./Core/Src/gpio.o
 .ARM.attributes
                0x0000018e       0x34 ./Core/Src/i2c.o
 .ARM.attributes
                0x000001c2       0x34 ./Core/Src/main.o
 .ARM.attributes
                0x000001f6       0x34 ./Core/Src/stm32g4xx_hal_msp.o
 .ARM.attributes
                0x0000022a       0x34 ./Core/Src/stm32g4xx_it.o
 .ARM.attributes
                0x0000025e       0x34 ./Core/Src/system_stm32g4xx.o
 .ARM.attributes
                0x00000292       0x34 ./Core/Src/tim.o
 .ARM.attributes
                0x000002c6       0x21 ./Core/Startup/startup_stm32g474retx.o
 .ARM.attributes
                0x000002e7       0x34 ./Drivers/STM32G4xx_HAL_Driver/Src/stm32g4xx_hal.o
 .ARM.attributes
                0x0000031b       0x34 ./Drivers/STM32G4xx_HAL_Driver/Src/stm32g4xx_hal_adc.o
 .ARM.attributes
                0x0000034f       0x34 ./Drivers/STM32G4xx_HAL_Driver/Src/stm32g4xx_hal_adc_ex.o
 .ARM.attributes
                0x00000383       0x34 ./Drivers/STM32G4xx_HAL_Driver/Src/stm32g4xx_hal_cortex.o
 .ARM.attributes
                0x000003b7       0x34 ./Drivers/STM32G4xx_HAL_Driver/Src/stm32g4xx_hal_dma.o
 .ARM.attributes
                0x000003eb       0x34 ./Drivers/STM32G4xx_HAL_Driver/Src/stm32g4xx_hal_fdcan.o
 .ARM.attributes
                0x0000041f       0x34 ./Drivers/STM32G4xx_HAL_Driver/Src/stm32g4xx_hal_flash.o
 .ARM.attributes
                0x00000453       0x34 ./Drivers/STM32G4xx_HAL_Driver/Src/stm32g4xx_hal_flash_ex.o
 .ARM.attributes
                0x00000487       0x34 ./Drivers/STM32G4xx_HAL_Driver/Src/stm32g4xx_hal_gpio.o
 .ARM.attributes
                0x000004bb       0x34 ./Drivers/STM32G4xx_HAL_Driver/Src/stm32g4xx_hal_i2c.o
 .ARM.attributes
                0x000004ef       0x34 ./Drivers/STM32G4xx_HAL_Driver/Src/stm32g4xx_hal_i2c_ex.o
 .ARM.attributes
                0x00000523       0x34 ./Drivers/STM32G4xx_HAL_Driver/Src/stm32g4xx_hal_pwr_ex.o
 .ARM.attributes
                0x00000557       0x34 ./Drivers/STM32G4xx_HAL_Driver/Src/stm32g4xx_hal_rcc.o
 .ARM.attributes
                0x0000058b       0x34 ./Drivers/STM32G4xx_HAL_Driver/Src/stm32g4xx_hal_rcc_ex.o
 .ARM.attributes
                0x000005bf       0x34 ./Drivers/STM32G4xx_HAL_Driver/Src/stm32g4xx_hal_tim.o
 .ARM.attributes
                0x000005f3       0x34 ./Drivers/STM32G4xx_HAL_Driver/Src/stm32g4xx_hal_tim_ex.o
 .ARM.attributes
                0x00000627       0x34 C:/ST/STM32CubeIDE_2.1.1/STM32CubeIDE/plugins/com.st.stm32cube.ide.mcu.externaltools.gnu-tools-for-stm32.14.3.rel1.win32_1.0.100.202602081740/tools/bin/../lib/gcc/arm-none-eabi/14.3.1/../../../../arm-none-eabi/lib/thumb/v7e-m+fp/hard\libc_nano.a(libc_a-memset.o)
 .ARM.attributes
                0x0000065b       0x34 C:/ST/STM32CubeIDE_2.1.1/STM32CubeIDE/plugins/com.st.stm32cube.ide.mcu.externaltools.gnu-tools-for-stm32.14.3.rel1.win32_1.0.100.202602081740/tools/bin/../lib/gcc/arm-none-eabi/14.3.1/../../../../arm-none-eabi/lib/thumb/v7e-m+fp/hard\libc_nano.a(libc_a-init.o)
 .ARM.attributes
                0x0000068f       0x22 C:/ST/STM32CubeIDE_2.1.1/STM32CubeIDE/plugins/com.st.stm32cube.ide.mcu.externaltools.gnu-tools-for-stm32.14.3.rel1.win32_1.0.100.202602081740/tools/bin/../lib/gcc/arm-none-eabi/14.3.1/thumb/v7e-m+fp/hard/crtn.o
OUTPUT(MotorBrake_Firmware_Car_Shield.elf elf32-littlearm)
LOAD linker stubs
LOAD C:/ST/STM32CubeIDE_2.1.1/STM32CubeIDE/plugins/com.st.stm32cube.ide.mcu.externaltools.gnu-tools-for-stm32.14.3.rel1.win32_1.0.100.202602081740/tools/bin/../lib/gcc/arm-none-eabi/14.3.1/../../../../arm-none-eabi/lib/thumb/v7e-m+fp/hard\libc.a
LOAD C:/ST/STM32CubeIDE_2.1.1/STM32CubeIDE/plugins/com.st.stm32cube.ide.mcu.externaltools.gnu-tools-for-stm32.14.3.rel1.win32_1.0.100.202602081740/tools/bin/../lib/gcc/arm-none-eabi/14.3.1/../../../../arm-none-eabi/lib/thumb/v7e-m+fp/hard\libm.a
LOAD C:/ST/STM32CubeIDE_2.1.1/STM32CubeIDE/plugins/com.st.stm32cube.ide.mcu.externaltools.gnu-tools-for-stm32.14.3.rel1.win32_1.0.100.202602081740/tools/bin/../lib/gcc/arm-none-eabi/14.3.1/thumb/v7e-m+fp/hard\libgcc.a

.debug_info     0x00000000    0x1c43f
 .debug_info    0x00000000      0xf94 ./Core/Src/adc.o
 .debug_info    0x00000f94      0xfa9 ./Core/Src/curtis_io.o
 .debug_info    0x00001f3d      0x5ac ./Core/Src/dma.o
 .debug_info    0x000024e9      0xe4f ./Core/Src/fdcan.o
 .debug_info    0x00003338      0x323 ./Core/Src/flash_store.o
 .debug_info    0x0000365b      0x77f ./Core/Src/gpio.o
 .debug_info    0x00003dda      0xcad ./Core/Src/i2c.o
 .debug_info    0x00004a87     0x2661 ./Core/Src/main.o
 .debug_info    0x000070e8      0x2da ./Core/Src/stm32g4xx_hal_msp.o
 .debug_info    0x000073c2      0xdde ./Core/Src/stm32g4xx_it.o
 .debug_info    0x000081a0      0x58e ./Core/Src/system_stm32g4xx.o
 .debug_info    0x0000872e     0x13dc ./Core/Src/tim.o
 .debug_info    0x00009b0a       0x30 ./Core/Startup/startup_stm32g474retx.o
 .debug_info    0x00009b3a      0xb95 ./Drivers/STM32G4xx_HAL_Driver/Src/stm32g4xx_hal.o
 .debug_info    0x0000a6cf     0x2063 ./Drivers/STM32G4xx_HAL_Driver/Src/stm32g4xx_hal_adc.o
 .debug_info    0x0000c732     0x1d80 ./Drivers/STM32G4xx_HAL_Driver/Src/stm32g4xx_hal_adc_ex.o
 .debug_info    0x0000e4b2      0xdf9 ./Drivers/STM32G4xx_HAL_Driver/Src/stm32g4xx_hal_cortex.o
 .debug_info    0x0000f2ab      0x85f ./Drivers/STM32G4xx_HAL_Driver/Src/stm32g4xx_hal_dma.o
 .debug_info    0x0000fb0a     0x18ba ./Drivers/STM32G4xx_HAL_Driver/Src/stm32g4xx_hal_fdcan.o
 .debug_info    0x000113c4      0x71a ./Drivers/STM32G4xx_HAL_Driver/Src/stm32g4xx_hal_flash.o
 .debug_info    0x00011ade      0x9ae ./Drivers/STM32G4xx_HAL_Driver/Src/stm32g4xx_hal_flash_ex.o
 .debug_info    0x0001248c      0x772 ./Drivers/STM32G4xx_HAL_Driver/Src/stm32g4xx_hal_gpio.o
 .debug_info    0x00012bfe     0x21ea ./Drivers/STM32G4xx_HAL_Driver/Src/stm32g4xx_hal_i2c.o
 .debug_info    0x00014de8      0xad6 ./Drivers/STM32G4xx_HAL_Driver/Src/stm32g4xx_hal_i2c_ex.o
 .debug_info    0x000158be      0x944 ./Drivers/STM32G4xx_HAL_Driver/Src/stm32g4xx_hal_pwr_ex.o
 .debug_info    0x00016202      0xbf9 ./Drivers/STM32G4xx_HAL_Driver/Src/stm32g4xx_hal_rcc.o
 .debug_info    0x00016dfb      0xc5d ./Drivers/STM32G4xx_HAL_Driver/Src/stm32g4xx_hal_rcc_ex.o
 .debug_info    0x00017a58     0x2c52 ./Drivers/STM32G4xx_HAL_Driver/Src/stm32g4xx_hal_tim.o
 .debug_info    0x0001a6aa     0x1d95 ./Drivers/STM32G4xx_HAL_Driver/Src/stm32g4xx_hal_tim_ex.o

.debug_abbrev   0x00000000     0x3df1
 .debug_abbrev  0x00000000      0x204 ./Core/Src/adc.o
 .debug_abbrev  0x00000204      0x2ad ./Core/Src/curtis_io.o
 .debug_abbrev  0x000004b1      0x109 ./Core/Src/dma.o
 .debug_abbrev  0x000005ba      0x1d9 ./Core/Src/fdcan.o
 .debug_abbrev  0x00000793      0x184 ./Core/Src/flash_store.o
 .debug_abbrev  0x00000917      0x162 ./Core/Src/gpio.o
 .debug_abbrev  0x00000a79      0x21a ./Core/Src/i2c.o
 .debug_abbrev  0x00000c93      0x377 ./Core/Src/main.o
 .debug_abbrev  0x0000100a       0xd9 ./Core/Src/stm32g4xx_hal_msp.o
 .debug_abbrev  0x000010e3      0x1db ./Core/Src/stm32g4xx_it.o
 .debug_abbrev  0x000012be      0x11a ./Core/Src/system_stm32g4xx.o
 .debug_abbrev  0x000013d8      0x273 ./Core/Src/tim.o
 .debug_abbrev  0x0000164b       0x24 ./Core/Startup/startup_stm32g474retx.o
 .debug_abbrev  0x0000166f      0x271 ./Drivers/STM32G4xx_HAL_Driver/Src/stm32g4xx_hal.o
 .debug_abbrev  0x000018e0      0x2d3 ./Drivers/STM32G4xx_HAL_Driver/Src/stm32g4xx_hal_adc.o
 .debug_abbrev  0x00001bb3      0x2ee ./Drivers/STM32G4xx_HAL_Driver/Src/stm32g4xx_hal_adc_ex.o
 .debug_abbrev  0x00001ea1      0x31c ./Drivers/STM32G4xx_HAL_Driver/Src/stm32g4xx_hal_cortex.o
 .debug_abbrev  0x000021bd      0x1e2 ./Drivers/STM32G4xx_HAL_Driver/Src/stm32g4xx_hal_dma.o
 .debug_abbrev  0x0000239f      0x1e7 ./Drivers/STM32G4xx_HAL_Driver/Src/stm32g4xx_hal_fdcan.o
 .debug_abbrev  0x00002586      0x325 ./Drivers/STM32G4xx_HAL_Driver/Src/stm32g4xx_hal_flash.o
 .debug_abbrev  0x000028ab      0x294 ./Drivers/STM32G4xx_HAL_Driver/Src/stm32g4xx_hal_flash_ex.o
 .debug_abbrev  0x00002b3f      0x1d2 ./Drivers/STM32G4xx_HAL_Driver/Src/stm32g4xx_hal_gpio.o
 .debug_abbrev  0x00002d11      0x25e ./Drivers/STM32G4xx_HAL_Driver/Src/stm32g4xx_hal_i2c.o
 .debug_abbrev  0x00002f6f      0x1c0 ./Drivers/STM32G4xx_HAL_Driver/Src/stm32g4xx_hal_i2c_ex.o
 .debug_abbrev  0x0000312f      0x22c ./Drivers/STM32G4xx_HAL_Driver/Src/stm32g4xx_hal_pwr_ex.o
 .debug_abbrev  0x0000335b      0x2c9 ./Drivers/STM32G4xx_HAL_Driver/Src/stm32g4xx_hal_rcc.o
 .debug_abbrev  0x00003624      0x261 ./Drivers/STM32G4xx_HAL_Driver/Src/stm32g4xx_hal_rcc_ex.o
 .debug_abbrev  0x00003885      0x2a7 ./Drivers/STM32G4xx_HAL_Driver/Src/stm32g4xx_hal_tim.o
 .debug_abbrev  0x00003b2c      0x2c5 ./Drivers/STM32G4xx_HAL_Driver/Src/stm32g4xx_hal_tim_ex.o

.debug_aranges  0x00000000     0x19d0
 .debug_aranges
                0x00000000       0x30 ./Core/Src/adc.o
 .debug_aranges
                0x00000030       0xa8 ./Core/Src/curtis_io.o
 .debug_aranges
                0x000000d8       0x20 ./Core/Src/dma.o
 .debug_aranges
                0x000000f8       0x30 ./Core/Src/fdcan.o
 .debug_aranges
                0x00000128       0x38 ./Core/Src/flash_store.o
 .debug_aranges
                0x00000160       0x20 ./Core/Src/gpio.o
 .debug_aranges
                0x00000180       0x30 ./Core/Src/i2c.o
 .debug_aranges
                0x000001b0       0x88 ./Core/Src/main.o
 .debug_aranges
                0x00000238       0x20 ./Core/Src/stm32g4xx_hal_msp.o
 .debug_aranges
                0x00000258       0x88 ./Core/Src/stm32g4xx_it.o
 .debug_aranges
                0x000002e0       0x28 ./Core/Src/system_stm32g4xx.o
 .debug_aranges
                0x00000308       0x58 ./Core/Src/tim.o
 .debug_aranges
                0x00000360       0x28 ./Core/Startup/startup_stm32g474retx.o
 .debug_aranges
                0x00000388      0x148 ./Drivers/STM32G4xx_HAL_Driver/Src/stm32g4xx_hal.o
 .debug_aranges
                0x000004d0      0x248 ./Drivers/STM32G4xx_HAL_Driver/Src/stm32g4xx_hal_adc.o
 .debug_aranges
                0x00000718      0x1c0 ./Drivers/STM32G4xx_HAL_Driver/Src/stm32g4xx_hal_adc_ex.o
 .debug_aranges
                0x000008d8      0x128 ./Drivers/STM32G4xx_HAL_Driver/Src/stm32g4xx_hal_cortex.o
 .debug_aranges
                0x00000a00       0x90 ./Drivers/STM32G4xx_HAL_Driver/Src/stm32g4xx_hal_dma.o
 .debug_aranges
                0x00000a90      0x208 ./Drivers/STM32G4xx_HAL_Driver/Src/stm32g4xx_hal_fdcan.o
 .debug_aranges
                0x00000c98       0x88 ./Drivers/STM32G4xx_HAL_Driver/Src/stm32g4xx_hal_flash.o
 .debug_aranges
                0x00000d20       0xc8 ./Drivers/STM32G4xx_HAL_Driver/Src/stm32g4xx_hal_flash_ex.o
 .debug_aranges
                0x00000de8       0x58 ./Drivers/STM32G4xx_HAL_Driver/Src/stm32g4xx_hal_gpio.o
 .debug_aranges
                0x00000e40      0x2a0 ./Drivers/STM32G4xx_HAL_Driver/Src/stm32g4xx_hal_i2c.o
 .debug_aranges
                0x000010e0       0x48 ./Drivers/STM32G4xx_HAL_Driver/Src/stm32g4xx_hal_i2c_ex.o
 .debug_aranges
                0x00001128      0x140 ./Drivers/STM32G4xx_HAL_Driver/Src/stm32g4xx_hal_pwr_ex.o
 .debug_aranges
                0x00001268       0x98 ./Drivers/STM32G4xx_HAL_Driver/Src/stm32g4xx_hal_rcc.o
 .debug_aranges
                0x00001300       0xb0 ./Drivers/STM32G4xx_HAL_Driver/Src/stm32g4xx_hal_rcc_ex.o
 .debug_aranges
                0x000013b0      0x3e0 ./Drivers/STM32G4xx_HAL_Driver/Src/stm32g4xx_hal_tim.o
 .debug_aranges
                0x00001790      0x240 ./Drivers/STM32G4xx_HAL_Driver/Src/stm32g4xx_hal_tim_ex.o

.debug_rnglists
                0x00000000     0x13e1
 .debug_rnglists
                0x00000000       0x21 ./Core/Src/adc.o
 .debug_rnglists
                0x00000021       0x7c ./Core/Src/curtis_io.o
 .debug_rnglists
                0x0000009d       0x13 ./Core/Src/dma.o
 .debug_rnglists
                0x000000b0       0x21 ./Core/Src/fdcan.o
 .debug_rnglists
                0x000000d1       0x27 ./Core/Src/flash_store.o
 .debug_rnglists
                0x000000f8       0x14 ./Core/Src/gpio.o
 .debug_rnglists
                0x0000010c       0x21 ./Core/Src/i2c.o
 .debug_rnglists
                0x0000012d       0x67 ./Core/Src/main.o
 .debug_rnglists
                0x00000194       0x13 ./Core/Src/stm32g4xx_hal_msp.o
 .debug_rnglists
                0x000001a7       0x61 ./Core/Src/stm32g4xx_it.o
 .debug_rnglists
                0x00000208       0x1a ./Core/Src/system_stm32g4xx.o
 .debug_rnglists
                0x00000222       0x40 ./Core/Src/tim.o
 .debug_rnglists
                0x00000262       0x19 ./Core/Startup/startup_stm32g474retx.o
 .debug_rnglists
                0x0000027b       0xf1 ./Drivers/STM32G4xx_HAL_Driver/Src/stm32g4xx_hal.o
 .debug_rnglists
                0x0000036c      0x1c0 ./Drivers/STM32G4xx_HAL_Driver/Src/stm32g4xx_hal_adc.o
 .debug_rnglists
                0x0000052c      0x15a ./Drivers/STM32G4xx_HAL_Driver/Src/stm32g4xx_hal_adc_ex.o
 .debug_rnglists
                0x00000686       0xda ./Drivers/STM32G4xx_HAL_Driver/Src/stm32g4xx_hal_cortex.o
 .debug_rnglists
                0x00000760       0x72 ./Drivers/STM32G4xx_HAL_Driver/Src/stm32g4xx_hal_dma.o
 .debug_rnglists
                0x000007d2      0x18d ./Drivers/STM32G4xx_HAL_Driver/Src/stm32g4xx_hal_fdcan.o
 .debug_rnglists
                0x0000095f       0x65 ./Drivers/STM32G4xx_HAL_Driver/Src/stm32g4xx_hal_flash.o
 .debug_rnglists
                0x000009c4       0x9c ./Drivers/STM32G4xx_HAL_Driver/Src/stm32g4xx_hal_flash_ex.o
 .debug_rnglists
                0x00000a60       0x3f ./Drivers/STM32G4xx_HAL_Driver/Src/stm32g4xx_hal_gpio.o
 .debug_rnglists
                0x00000a9f      0x228 ./Drivers/STM32G4xx_HAL_Driver/Src/stm32g4xx_hal_i2c.o
 .debug_rnglists
                0x00000cc7       0x35 ./Drivers/STM32G4xx_HAL_Driver/Src/stm32g4xx_hal_i2c_ex.o
 .debug_rnglists
                0x00000cfc       0xf1 ./Drivers/STM32G4xx_HAL_Driver/Src/stm32g4xx_hal_pwr_ex.o
 .debug_rnglists
                0x00000ded       0x74 ./Drivers/STM32G4xx_HAL_Driver/Src/stm32g4xx_hal_rcc.o
 .debug_rnglists
                0x00000e61       0x87 ./Drivers/STM32G4xx_HAL_Driver/Src/stm32g4xx_hal_rcc_ex.o
 .debug_rnglists
                0x00000ee8      0x32d ./Drivers/STM32G4xx_HAL_Driver/Src/stm32g4xx_hal_tim.o
 .debug_rnglists
                0x00001215      0x1cc ./Drivers/STM32G4xx_HAL_Driver/Src/stm32g4xx_hal_tim_ex.o

.debug_macro    0x00000000    0x2ac2b
 .debug_macro   0x00000000      0x22d ./Core/Src/adc.o
 .debug_macro   0x0000022d      0xad8 ./Core/Src/adc.o
 .debug_macro   0x00000d05      0x16d ./Core/Src/adc.o
 .debug_macro   0x00000e72       0x2e ./Core/Src/adc.o
 .debug_macro   0x00000ea0       0x28 ./Core/Src/adc.o
 .debug_macro   0x00000ec8       0x22 ./Core/Src/adc.o
 .debug_macro   0x00000eea       0x8e ./Core/Src/adc.o
 .debug_macro   0x00000f78       0x51 ./Core/Src/adc.o
 .debug_macro   0x00000fc9      0x103 ./Core/Src/adc.o
 .debug_macro   0x000010cc       0x6a ./Core/Src/adc.o
 .debug_macro   0x00001136      0x1df ./Core/Src/adc.o
 .debug_macro   0x00001315       0x1c ./Core/Src/adc.o
 .debug_macro   0x00001331       0x22 ./Core/Src/adc.o
 .debug_macro   0x00001353       0xfb ./Core/Src/adc.o
 .debug_macro   0x0000144e     0x1011 ./Core/Src/adc.o
 .debug_macro   0x0000245f      0x11f ./Core/Src/adc.o
 .debug_macro   0x0000257e    0x18b8c ./Core/Src/adc.o
 .debug_macro   0x0001b10a       0x6d ./Core/Src/adc.o
 .debug_macro   0x0001b177     0x3558 ./Core/Src/adc.o
 .debug_macro   0x0001e6cf      0x190 ./Core/Src/adc.o
 .debug_macro   0x0001e85f       0x5c ./Core/Src/adc.o
 .debug_macro   0x0001e8bb     0x171f ./Core/Src/adc.o
 .debug_macro   0x0001ffda      0x600 ./Core/Src/adc.o
 .debug_macro   0x000205da      0x1b6 ./Core/Src/adc.o
 .debug_macro   0x00020790      0x34a ./Core/Src/adc.o
 .debug_macro   0x00020ada      0x53c ./Core/Src/adc.o
 .debug_macro   0x00021016      0x18b ./Core/Src/adc.o
 .debug_macro   0x000211a1       0x43 ./Core/Src/adc.o
 .debug_macro   0x000211e4      0x23d ./Core/Src/adc.o
 .debug_macro   0x00021421     0x1111 ./Core/Src/adc.o
 .debug_macro   0x00022532      0x72e ./Core/Src/adc.o
 .debug_macro   0x00022c60      0x391 ./Core/Src/adc.o
 .debug_macro   0x00022ff1      0x211 ./Core/Src/adc.o
 .debug_macro   0x00023202      0x6bd ./Core/Src/adc.o
 .debug_macro   0x000238bf      0x45c ./Core/Src/adc.o
 .debug_macro   0x00023d1b      0x11c ./Core/Src/adc.o
 .debug_macro   0x00023e37      0x22c ./Core/Src/adc.o
 .debug_macro   0x00024063       0x61 ./Core/Src/adc.o
 .debug_macro   0x000240c4       0xa5 ./Core/Src/adc.o
 .debug_macro   0x00024169      0x122 ./Core/Src/adc.o
 .debug_macro   0x0002428b      0x3d1 ./Core/Src/adc.o
 .debug_macro   0x0002465c      0xc0b ./Core/Src/adc.o
 .debug_macro   0x00025267      0x718 ./Core/Src/adc.o
 .debug_macro   0x0002597f      0x693 ./Core/Src/adc.o
 .debug_macro   0x00026012       0xa6 ./Core/Src/adc.o
 .debug_macro   0x000260b8      0x358 ./Core/Src/adc.o
 .debug_macro   0x00026410       0xd0 ./Core/Src/adc.o
 .debug_macro   0x000264e0      0x2a1 ./Core/Src/curtis_io.o
 .debug_macro   0x00026781      0x22d ./Core/Src/dma.o
 .debug_macro   0x000269ae      0x22d ./Core/Src/fdcan.o
 .debug_macro   0x00026bdb      0x313 ./Core/Src/flash_store.o
 .debug_macro   0x00026eee       0x61 ./Core/Src/flash_store.o
 .debug_macro   0x00026f4f       0x2a ./Core/Src/flash_store.o
 .debug_macro   0x00026f79       0x43 ./Core/Src/flash_store.o
 .debug_macro   0x00026fbc       0x34 ./Core/Src/flash_store.o
 .debug_macro   0x00026ff0      0x364 ./Core/Src/flash_store.o
 .debug_macro   0x00027354       0x16 ./Core/Src/flash_store.o
 .debug_macro   0x0002736a       0x4a ./Core/Src/flash_store.o
 .debug_macro   0x000273b4       0x34 ./Core/Src/flash_store.o
 .debug_macro   0x000273e8       0x10 ./Core/Src/flash_store.o
 .debug_macro   0x000273f8       0x58 ./Core/Src/flash_store.o
 .debug_macro   0x00027450       0x8e ./Core/Src/flash_store.o
 .debug_macro   0x000274de       0x1c ./Core/Src/flash_store.o
 .debug_macro   0x000274fa      0x17e ./Core/Src/flash_store.o
 .debug_macro   0x00027678       0x10 ./Core/Src/flash_store.o
 .debug_macro   0x00027688       0x3c ./Core/Src/flash_store.o
 .debug_macro   0x000276c4       0x20 ./Core/Src/flash_store.o
 .debug_macro   0x000276e4      0x22d ./Core/Src/gpio.o
 .debug_macro   0x00027911      0x22d ./Core/Src/i2c.o
 .debug_macro   0x00027b3e      0x416 ./Core/Src/main.o
 .debug_macro   0x00027f54      0x223 ./Core/Src/stm32g4xx_hal_msp.o
 .debug_macro   0x00028177      0x22d ./Core/Src/stm32g4xx_it.o
 .debug_macro   0x000283a4      0x214 ./Core/Src/system_stm32g4xx.o
 .debug_macro   0x000285b8      0x22d ./Core/Src/tim.o
 .debug_macro   0x000287e5      0x262 ./Drivers/STM32G4xx_HAL_Driver/Src/stm32g4xx_hal.o
 .debug_macro   0x00028a47      0x231 ./Drivers/STM32G4xx_HAL_Driver/Src/stm32g4xx_hal_adc.o
 .debug_macro   0x00028c78      0x220 ./Drivers/STM32G4xx_HAL_Driver/Src/stm32g4xx_hal_adc_ex.o
 .debug_macro   0x00028e98      0x214 ./Drivers/STM32G4xx_HAL_Driver/Src/stm32g4xx_hal_cortex.o
 .debug_macro   0x000290ac      0x214 ./Drivers/STM32G4xx_HAL_Driver/Src/stm32g4xx_hal_dma.o
 .debug_macro   0x000292c0      0x326 ./Drivers/STM32G4xx_HAL_Driver/Src/stm32g4xx_hal_fdcan.o
 .debug_macro   0x000295e6      0x21a ./Drivers/STM32G4xx_HAL_Driver/Src/stm32g4xx_hal_flash.o
 .debug_macro   0x00029800      0x214 ./Drivers/STM32G4xx_HAL_Driver/Src/stm32g4xx_hal_flash_ex.o
 .debug_macro   0x00029a14      0x21b ./Drivers/STM32G4xx_HAL_Driver/Src/stm32g4xx_hal_gpio.o
 .debug_macro   0x00029c2f      0x2e0 ./Drivers/STM32G4xx_HAL_Driver/Src/stm32g4xx_hal_i2c.o
 .debug_macro   0x00029f0f      0x214 ./Drivers/STM32G4xx_HAL_Driver/Src/stm32g4xx_hal_i2c_ex.o
 .debug_macro   0x0002a123      0x23e ./Drivers/STM32G4xx_HAL_Driver/Src/stm32g4xx_hal_pwr_ex.o
 .debug_macro   0x0002a361      0x256 ./Drivers/STM32G4xx_HAL_Driver/Src/stm32g4xx_hal_rcc.o
 .debug_macro   0x0002a5b7      0x23e ./Drivers/STM32G4xx_HAL_Driver/Src/stm32g4xx_hal_rcc_ex.o
 .debug_macro   0x0002a7f5      0x21c ./Drivers/STM32G4xx_HAL_Driver/Src/stm32g4xx_hal_tim.o
 .debug_macro   0x0002aa11      0x21a ./Drivers/STM32G4xx_HAL_Driver/Src/stm32g4xx_hal_tim_ex.o

.debug_line     0x00000000    0x1f513
 .debug_line    0x00000000      0x91f ./Core/Src/adc.o
 .debug_line    0x0000091f      0xc51 ./Core/Src/curtis_io.o
 .debug_line    0x00001570      0x7f3 ./Core/Src/dma.o
 .debug_line    0x00001d63      0x897 ./Core/Src/fdcan.o
 .debug_line    0x000025fa      0xa6a ./Core/Src/flash_store.o
 .debug_line    0x00003064      0x84d ./Core/Src/gpio.o
 .debug_line    0x000038b1      0x897 ./Core/Src/i2c.o
 .debug_line    0x00004148     0x1004 ./Core/Src/main.o
 .debug_line    0x0000514c      0x7f7 ./Core/Src/stm32g4xx_hal_msp.o
 .debug_line    0x00005943      0x91d ./Core/Src/stm32g4xx_it.o
 .debug_line    0x00006260      0x863 ./Core/Src/system_stm32g4xx.o
 .debug_line    0x00006ac3      0xa21 ./Core/Src/tim.o
 .debug_line    0x000074e4       0x7b ./Core/Startup/startup_stm32g474retx.o
 .debug_line    0x0000755f      0xc32 ./Drivers/STM32G4xx_HAL_Driver/Src/stm32g4xx_hal.o
 .debug_line    0x00008191     0x2308 ./Drivers/STM32G4xx_HAL_Driver/Src/stm32g4xx_hal_adc.o
 .debug_line    0x0000a499     0x1c7c ./Drivers/STM32G4xx_HAL_Driver/Src/stm32g4xx_hal_adc_ex.o
 .debug_line    0x0000c115      0xd94 ./Drivers/STM32G4xx_HAL_Driver/Src/stm32g4xx_hal_cortex.o
 .debug_line    0x0000cea9      0xf44 ./Drivers/STM32G4xx_HAL_Driver/Src/stm32g4xx_hal_dma.o
 .debug_line    0x0000dded     0x1999 ./Drivers/STM32G4xx_HAL_Driver/Src/stm32g4xx_hal_fdcan.o
 .debug_line    0x0000f786      0xbac ./Drivers/STM32G4xx_HAL_Driver/Src/stm32g4xx_hal_flash.o
 .debug_line    0x00010332     0x1069 ./Drivers/STM32G4xx_HAL_Driver/Src/stm32g4xx_hal_flash_ex.o
 .debug_line    0x0001139b      0xc1b ./Drivers/STM32G4xx_HAL_Driver/Src/stm32g4xx_hal_gpio.o
 .debug_line    0x00011fb6     0x37e1 ./Drivers/STM32G4xx_HAL_Driver/Src/stm32g4xx_hal_i2c.o
 .debug_line    0x00015797      0x95c ./Drivers/STM32G4xx_HAL_Driver/Src/stm32g4xx_hal_i2c_ex.o
 .debug_line    0x000160f3      0xd8e ./Drivers/STM32G4xx_HAL_Driver/Src/stm32g4xx_hal_pwr_ex.o
 .debug_line    0x00016e81     0x10b2 ./Drivers/STM32G4xx_HAL_Driver/Src/stm32g4xx_hal_rcc.o
 .debug_line    0x00017f33     0x1328 ./Drivers/STM32G4xx_HAL_Driver/Src/stm32g4xx_hal_rcc_ex.o
 .debug_line    0x0001925b     0x4182 ./Drivers/STM32G4xx_HAL_Driver/Src/stm32g4xx_hal_tim.o
 .debug_line    0x0001d3dd     0x2136 ./Drivers/STM32G4xx_HAL_Driver/Src/stm32g4xx_hal_tim_ex.o

.debug_str      0x00000000   0x11ab28
 .debug_str     0x00000000   0x11ab28 ./Core/Src/adc.o
                             0x10f02d (size before relaxing)
 .debug_str     0x0011ab28   0x10f24d ./Core/Src/curtis_io.o
 .debug_str     0x0011ab28   0x10ed15 ./Core/Src/dma.o
 .debug_str     0x0011ab28   0x10f36d ./Core/Src/fdcan.o
 .debug_str     0x0011ab28   0x1118de ./Core/Src/flash_store.o
 .debug_str     0x0011ab28   0x10ede3 ./Core/Src/gpio.o
 .debug_str     0x0011ab28   0x10ef68 ./Core/Src/i2c.o
 .debug_str     0x0011ab28   0x113834 ./Core/Src/main.o
 .debug_str     0x0011ab28   0x10e6df ./Core/Src/stm32g4xx_hal_msp.o
 .debug_str     0x0011ab28   0x10f01d ./Core/Src/stm32g4xx_it.o
 .debug_str     0x0011ab28   0x10e381 ./Core/Src/system_stm32g4xx.o
 .debug_str     0x0011ab28   0x10f7e8 ./Core/Src/tim.o
 .debug_str     0x0011ab28       0x9c ./Core/Startup/startup_stm32g474retx.o
 .debug_str     0x0011ab28   0x10f093 ./Drivers/STM32G4xx_HAL_Driver/Src/stm32g4xx_hal.o
 .debug_str     0x0011ab28   0x10f3ae ./Drivers/STM32G4xx_HAL_Driver/Src/stm32g4xx_hal_adc.o
 .debug_str     0x0011ab28   0x10f354 ./Drivers/STM32G4xx_HAL_Driver/Src/stm32g4xx_hal_adc_ex.o
 .debug_str     0x0011ab28   0x10ed4f ./Drivers/STM32G4xx_HAL_Driver/Src/stm32g4xx_hal_cortex.o
 .debug_str     0x0011ab28   0x10e75b ./Drivers/STM32G4xx_HAL_Driver/Src/stm32g4xx_hal_dma.o
 .debug_str     0x0011ab28   0x10f928 ./Drivers/STM32G4xx_HAL_Driver/Src/stm32g4xx_hal_fdcan.o
 .debug_str     0x0011ab28   0x10e651 ./Drivers/STM32G4xx_HAL_Driver/Src/stm32g4xx_hal_flash.o
 .debug_str     0x0011ab28   0x10e7a1 ./Drivers/STM32G4xx_HAL_Driver/Src/stm32g4xx_hal_flash_ex.o
 .debug_str     0x0011ab28   0x10e50c ./Drivers/STM32G4xx_HAL_Driver/Src/stm32g4xx_hal_gpio.o
 .debug_str     0x0011ab28   0x10f68b ./Drivers/STM32G4xx_HAL_Driver/Src/stm32g4xx_hal_i2c.o
 .debug_str     0x0011ab28   0x10e9a0 ./Drivers/STM32G4xx_HAL_Driver/Src/stm32g4xx_hal_i2c_ex.o
 .debug_str     0x0011ab28   0x10e86f ./Drivers/STM32G4xx_HAL_Driver/Src/stm32g4xx_hal_pwr_ex.o
 .debug_str     0x0011ab28   0x10eaa0 ./Drivers/STM32G4xx_HAL_Driver/Src/stm32g4xx_hal_rcc.o
 .debug_str     0x0011ab28   0x10eaca ./Drivers/STM32G4xx_HAL_Driver/Src/stm32g4xx_hal_rcc_ex.o
 .debug_str     0x0011ab28   0x10f87f ./Drivers/STM32G4xx_HAL_Driver/Src/stm32g4xx_hal_tim.o
 .debug_str     0x0011ab28   0x10f4f3 ./Drivers/STM32G4xx_HAL_Driver/Src/stm32g4xx_hal_tim_ex.o

.comment        0x00000000       0x43
 .comment       0x00000000       0x43 ./Core/Src/adc.o
                                 0x44 (size before relaxing)
 .comment       0x00000043       0x44 ./Core/Src/curtis_io.o
 .comment       0x00000043       0x44 ./Core/Src/dma.o
 .comment       0x00000043       0x44 ./Core/Src/fdcan.o
 .comment       0x00000043       0x44 ./Core/Src/flash_store.o
 .comment       0x00000043       0x44 ./Core/Src/gpio.o
 .comment       0x00000043       0x44 ./Core/Src/i2c.o
 .comment       0x00000043       0x44 ./Core/Src/main.o
 .comment       0x00000043       0x44 ./Core/Src/stm32g4xx_hal_msp.o
 .comment       0x00000043       0x44 ./Core/Src/stm32g4xx_it.o
 .comment       0x00000043       0x44 ./Core/Src/system_stm32g4xx.o
 .comment       0x00000043       0x44 ./Core/Src/tim.o
 .comment       0x00000043       0x44 ./Drivers/STM32G4xx_HAL_Driver/Src/stm32g4xx_hal.o
 .comment       0x00000043       0x44 ./Drivers/STM32G4xx_HAL_Driver/Src/stm32g4xx_hal_adc.o
 .comment       0x00000043       0x44 ./Drivers/STM32G4xx_HAL_Driver/Src/stm32g4xx_hal_adc_ex.o
 .comment       0x00000043       0x44 ./Drivers/STM32G4xx_HAL_Driver/Src/stm32g4xx_hal_cortex.o
 .comment       0x00000043       0x44 ./Drivers/STM32G4xx_HAL_Driver/Src/stm32g4xx_hal_dma.o
 .comment       0x00000043       0x44 ./Drivers/STM32G4xx_HAL_Driver/Src/stm32g4xx_hal_fdcan.o
 .comment       0x00000043       0x44 ./Drivers/STM32G4xx_HAL_Driver/Src/stm32g4xx_hal_flash.o
 .comment       0x00000043       0x44 ./Drivers/STM32G4xx_HAL_Driver/Src/stm32g4xx_hal_flash_ex.o
 .comment       0x00000043       0x44 ./Drivers/STM32G4xx_HAL_Driver/Src/stm32g4xx_hal_gpio.o
 .comment       0x00000043       0x44 ./Drivers/STM32G4xx_HAL_Driver/Src/stm32g4xx_hal_i2c.o
 .comment       0x00000043       0x44 ./Drivers/STM32G4xx_HAL_Driver/Src/stm32g4xx_hal_i2c_ex.o
 .comment       0x00000043       0x44 ./Drivers/STM32G4xx_HAL_Driver/Src/stm32g4xx_hal_pwr_ex.o
 .comment       0x00000043       0x44 ./Drivers/STM32G4xx_HAL_Driver/Src/stm32g4xx_hal_rcc.o
 .comment       0x00000043       0x44 ./Drivers/STM32G4xx_HAL_Driver/Src/stm32g4xx_hal_rcc_ex.o
 .comment       0x00000043       0x44 ./Drivers/STM32G4xx_HAL_Driver/Src/stm32g4xx_hal_tim.o
 .comment       0x00000043       0x44 ./Drivers/STM32G4xx_HAL_Driver/Src/stm32g4xx_hal_tim_ex.o

.debug_frame    0x00000000     0x6758
 .debug_frame   0x00000000       0x80 ./Core/Src/adc.o
 .debug_frame   0x00000080      0x274 ./Core/Src/curtis_io.o
 .debug_frame   0x000002f4       0x34 ./Core/Src/dma.o
 .debug_frame   0x00000328       0x78 ./Core/Src/fdcan.o
 .debug_frame   0x000003a0       0xb0 ./Core/Src/flash_store.o
 .debug_frame   0x00000450       0x34 ./Core/Src/gpio.o
 .debug_frame   0x00000484       0x78 ./Core/Src/i2c.o
 .debug_frame   0x000004fc      0x200 ./Core/Src/main.o
 .debug_frame   0x000006fc       0x34 ./Core/Src/stm32g4xx_hal_msp.o
 .debug_frame   0x00000730      0x184 ./Core/Src/stm32g4xx_it.o
 .debug_frame   0x000008b4       0x50 ./Core/Src/system_stm32g4xx.o
 .debug_frame   0x00000904      0x130 ./Core/Src/tim.o
 .debug_frame   0x00000a34      0x480 ./Drivers/STM32G4xx_HAL_Driver/Src/stm32g4xx_hal.o
 .debug_frame   0x00000eb4      0xa00 ./Drivers/STM32G4xx_HAL_Driver/Src/stm32g4xx_hal_adc.o
 .debug_frame   0x000018b4      0x798 ./Drivers/STM32G4xx_HAL_Driver/Src/stm32g4xx_hal_adc_ex.o
 .debug_frame   0x0000204c      0x49c ./Drivers/STM32G4xx_HAL_Driver/Src/stm32g4xx_hal_cortex.o
 .debug_frame   0x000024e8      0x22c ./Drivers/STM32G4xx_HAL_Driver/Src/stm32g4xx_hal_dma.o
 .debug_frame   0x00002714      0x8d0 ./Drivers/STM32G4xx_HAL_Driver/Src/stm32g4xx_hal_fdcan.o
 .debug_frame   0x00002fe4      0x1f8 ./Drivers/STM32G4xx_HAL_Driver/Src/stm32g4xx_hal_flash.o
 .debug_frame   0x000031dc      0x314 ./Drivers/STM32G4xx_HAL_Driver/Src/stm32g4xx_hal_flash_ex.o
 .debug_frame   0x000034f0      0x130 ./Drivers/STM32G4xx_HAL_Driver/Src/stm32g4xx_hal_gpio.o
 .debug_frame   0x00003620      0xbe8 ./Drivers/STM32G4xx_HAL_Driver/Src/stm32g4xx_hal_i2c.o
 .debug_frame   0x00004208       0xe8 ./Drivers/STM32G4xx_HAL_Driver/Src/stm32g4xx_hal_i2c_ex.o
 .debug_frame   0x000042f0      0x46c ./Drivers/STM32G4xx_HAL_Driver/Src/stm32g4xx_hal_pwr_ex.o
 .debug_frame   0x0000475c      0x218 ./Drivers/STM32G4xx_HAL_Driver/Src/stm32g4xx_hal_rcc.o
 .debug_frame   0x00004974      0x27c ./Drivers/STM32G4xx_HAL_Driver/Src/stm32g4xx_hal_rcc_ex.o
 .debug_frame   0x00004bf0     0x1148 ./Drivers/STM32G4xx_HAL_Driver/Src/stm32g4xx_hal_tim.o
 .debug_frame   0x00005d38      0x9d4 ./Drivers/STM32G4xx_HAL_Driver/Src/stm32g4xx_hal_tim_ex.o