../Core/Src/curtis_io.c:50:9:CurtisIO_Forward	8	static
../Core/Src/curtis_io.c:55:9:CurtisIO_Backward	8	static
../Core/Src/curtis_io.c:60:9:CurtisIO_Pedal	8	static
../Core/Src/curtis_io.c:65:6:CurtisIO_ReadDigital	16	static
../Core/Src/curtis_io.c:71:7:CurtisIO_McorVolts	16	static
../Core/Src/curtis_io.c:75:6:CurtisIO_SpeedOnCapture	24	static
../Core/Src/curtis_io.c:88:7:CurtisIO_SpeedHz	8	static
../Core/Src/curtis_io.c:96:7:CurtisIO_SpeedMps	8	static
../Core/Src/curtis_io.c:101:6:CurtisIO_OutputEnable	16	static
../Core/Src/curtis_io.c:106:6:CurtisIO_SetForward	16	static
../Core/Src/curtis_io.c:111:6:CurtisIO_SetBackward	16	static
../Core/Src/curtis_io.c:116:6:CurtisIO_SetPedal	16	static
../Core/Src/curtis_io.c:121:6:CurtisIO_WriteDigitalOut	16	static
../Core/Src/curtis_io.c:127:9:CurtisIO_McorWriteRaw	32	static
../Core/Src/curtis_io.c:141:9:CurtisIO_McorWriteVolts	24	static
../Core/Src/curtis_io.c:163:6:CurtisIO_OutputTestRun	32	static
../Core/Src/curtis_io.c:249:6:CurtisIO_OutputOverrideRun	24	static
../Core/Src/curtis_io.c:325:6:CurtisIO_SpeedControlRun	48	static
