../Core/Src/curtis_io.c:53:9:CurtisIO_Forward	8	static
../Core/Src/curtis_io.c:58:9:CurtisIO_Backward	8	static
../Core/Src/curtis_io.c:63:9:CurtisIO_Pedal	8	static
../Core/Src/curtis_io.c:68:6:CurtisIO_ReadDigital	16	static
../Core/Src/curtis_io.c:74:7:CurtisIO_McorVolts	16	static
../Core/Src/curtis_io.c:78:6:CurtisIO_SpeedOnCapture	24	static
../Core/Src/curtis_io.c:91:7:CurtisIO_SpeedHz	8	static
../Core/Src/curtis_io.c:99:7:CurtisIO_SpeedMps	8	static
../Core/Src/curtis_io.c:104:6:CurtisIO_OutputEnable	16	static
../Core/Src/curtis_io.c:109:6:CurtisIO_SetForward	16	static
../Core/Src/curtis_io.c:114:6:CurtisIO_SetBackward	16	static
../Core/Src/curtis_io.c:119:6:CurtisIO_SetPedal	16	static
../Core/Src/curtis_io.c:124:6:CurtisIO_WriteDigitalOut	16	static
../Core/Src/curtis_io.c:130:9:CurtisIO_McorWriteRaw	32	static
../Core/Src/curtis_io.c:145:9:CurtisIO_McorWriteVolts	24	static
../Core/Src/curtis_io.c:153:9:CurtisIO_ModeRelayActive	8	static
../Core/Src/curtis_io.c:158:9:CurtisIO_GetOutForward	8	static
../Core/Src/curtis_io.c:163:9:CurtisIO_GetOutBackward	8	static
../Core/Src/curtis_io.c:168:9:CurtisIO_GetOutPedal	8	static
../Core/Src/curtis_io.c:173:7:CurtisIO_McorOutVolts	4	static
../Core/Src/curtis_io.c:192:6:CurtisIO_OutputTestRun	32	static
../Core/Src/curtis_io.c:278:6:CurtisIO_OutputOverrideRun	24	static
../Core/Src/curtis_io.c:354:6:CurtisIO_SpeedControlRun	48	static
