../Core/Src/curtis_io.c:45:9:CurtisIO_Forward	8	static
../Core/Src/curtis_io.c:50:9:CurtisIO_Backward	8	static
../Core/Src/curtis_io.c:55:9:CurtisIO_Pedal	8	static
../Core/Src/curtis_io.c:60:6:CurtisIO_ReadDigital	16	static
../Core/Src/curtis_io.c:66:7:CurtisIO_McorVolts	16	static
../Core/Src/curtis_io.c:70:6:CurtisIO_SpeedOnCapture	24	static
../Core/Src/curtis_io.c:83:7:CurtisIO_SpeedHz	8	static
../Core/Src/curtis_io.c:92:6:CurtisIO_OutputEnable	16	static
../Core/Src/curtis_io.c:97:6:CurtisIO_SetForward	16	static
../Core/Src/curtis_io.c:102:6:CurtisIO_SetBackward	16	static
../Core/Src/curtis_io.c:107:6:CurtisIO_SetPedal	16	static
../Core/Src/curtis_io.c:112:6:CurtisIO_WriteDigitalOut	16	static
../Core/Src/curtis_io.c:118:9:CurtisIO_McorWriteRaw	32	static
../Core/Src/curtis_io.c:132:9:CurtisIO_McorWriteVolts	24	static
../Core/Src/curtis_io.c:154:6:CurtisIO_OutputTestRun	32	static
