../Core/Src/main.c:230:17:deg_to_pulse	3
../Core/Src/main.c:241:5:main	21
../Core/Src/main.c:490:6:SystemClock_Config	3
../Core/Src/main.c:538:13:CAN_App_Init	7
../Core/Src/main.c:614:13:BrakeStatus_Send	2
../Core/Src/main.c:643:13:ServoStatus_Send	1
../Core/Src/main.c:658:13:SpeedStatus_Send	1
../Core/Src/main.c:672:6:HAL_FDCAN_RxFifo0Callback	12
../Core/Src/main.c:711:6:HAL_TIM_IC_CaptureCallback	3
../Core/Src/main.c:718:6:HAL_TIM_PeriodElapsedCallback	10
../Core/Src/main.c:766:6:HAL_GPIO_EXTI_Callback	4
../Core/Src/main.c:796:6:Error_Handler	1
