../Core/Src/main.c:242:17:deg_to_pulse	3
../Core/Src/main.c:250:16:mps_to_raw	4
../Core/Src/main.c:259:14:raw_to_mps	1
../Core/Src/main.c:268:5:main	21
../Core/Src/main.c:517:6:SystemClock_Config	3
../Core/Src/main.c:565:13:CAN_App_Init	9
../Core/Src/main.c:656:13:BrakeStatus_Send	2
../Core/Src/main.c:685:13:ServoStatus_Send	1
../Core/Src/main.c:701:13:SpeedStatus_Send	2
../Core/Src/main.c:719:6:HAL_FDCAN_RxFifo0Callback	15
../Core/Src/main.c:766:6:HAL_TIM_IC_CaptureCallback	3
../Core/Src/main.c:773:6:HAL_TIM_PeriodElapsedCallback	10
../Core/Src/main.c:821:6:HAL_GPIO_EXTI_Callback	4
../Core/Src/main.c:851:6:Error_Handler	1
